Archive member included to satisfy reference by file (symbol)

c:/program files (x86)/atmel/studio/7.0/toolchain/arm/arm-gnu-toolchain/bin/../lib/gcc/arm-none-eabi/6.3.1/../../../../arm-none-eabi/lib/thumb/v7e-m\libc.a(lib_a-exit.o)
                              c:/program files (x86)/atmel/studio/7.0/toolchain/arm/arm-gnu-toolchain/bin/../lib/gcc/arm-none-eabi/6.3.1/../../../../arm-none-eabi/lib/thumb/v7e-m/crt0.o (exit)
c:/program files (x86)/atmel/studio/7.0/toolchain/arm/arm-gnu-toolchain/bin/../lib/gcc/arm-none-eabi/6.3.1/../../../../arm-none-eabi/lib/thumb/v7e-m\libc.a(lib_a-impure.o)
                              c:/program files (x86)/atmel/studio/7.0/toolchain/arm/arm-gnu-toolchain/bin/../lib/gcc/arm-none-eabi/6.3.1/../../../../arm-none-eabi/lib/thumb/v7e-m\libc.a(lib_a-exit.o) (_global_impure_ptr)
c:/program files (x86)/atmel/studio/7.0/toolchain/arm/arm-gnu-toolchain/bin/../lib/gcc/arm-none-eabi/6.3.1/../../../../arm-none-eabi/lib/thumb/v7e-m\libc.a(lib_a-init.o)
                              c:/program files (x86)/atmel/studio/7.0/toolchain/arm/arm-gnu-toolchain/bin/../lib/gcc/arm-none-eabi/6.3.1/../../../../arm-none-eabi/lib/thumb/v7e-m/crt0.o (__libc_init_array)
c:/program files (x86)/atmel/studio/7.0/toolchain/arm/arm-gnu-toolchain/bin/../lib/gcc/arm-none-eabi/6.3.1/../../../../arm-none-eabi/lib/thumb/v7e-m\libc.a(lib_a-memset.o)
                              c:/program files (x86)/atmel/studio/7.0/toolchain/arm/arm-gnu-toolchain/bin/../lib/gcc/arm-none-eabi/6.3.1/../../../../arm-none-eabi/lib/thumb/v7e-m/crt0.o (memset)
c:/program files (x86)/atmel/studio/7.0/toolchain/arm/arm-gnu-toolchain/bin/../lib/gcc/arm-none-eabi/6.3.1/../../../../arm-none-eabi/lib/thumb/v7e-m\libc.a(lib_a-__call_atexit.o)
                              c:/program files (x86)/atmel/studio/7.0/toolchain/arm/arm-gnu-toolchain/bin/../lib/gcc/arm-none-eabi/6.3.1/../../../../arm-none-eabi/lib/thumb/v7e-m\libc.a(lib_a-exit.o) (__call_exitprocs)
c:/program files (x86)/atmel/studio/7.0/toolchain/arm/arm-gnu-toolchain/bin/../lib/gcc/arm-none-eabi/6.3.1/../../../../arm-none-eabi/lib/thumb/v7e-m\libc.a(lib_a-atexit.o)
                              c:/program files (x86)/atmel/studio/7.0/toolchain/arm/arm-gnu-toolchain/bin/../lib/gcc/arm-none-eabi/6.3.1/../../../../arm-none-eabi/lib/thumb/v7e-m\libc.a(lib_a-__call_atexit.o) (atexit)
c:/program files (x86)/atmel/studio/7.0/toolchain/arm/arm-gnu-toolchain/bin/../lib/gcc/arm-none-eabi/6.3.1/../../../../arm-none-eabi/lib/thumb/v7e-m\libc.a(lib_a-fini.o)
                              c:/program files (x86)/atmel/studio/7.0/toolchain/arm/arm-gnu-toolchain/bin/../lib/gcc/arm-none-eabi/6.3.1/../../../../arm-none-eabi/lib/thumb/v7e-m\libc.a(lib_a-__call_atexit.o) (__libc_fini_array)
c:/program files (x86)/atmel/studio/7.0/toolchain/arm/arm-gnu-toolchain/bin/../lib/gcc/arm-none-eabi/6.3.1/../../../../arm-none-eabi/lib/thumb/v7e-m\libc.a(lib_a-lock.o)
                              c:/program files (x86)/atmel/studio/7.0/toolchain/arm/arm-gnu-toolchain/bin/../lib/gcc/arm-none-eabi/6.3.1/../../../../arm-none-eabi/lib/thumb/v7e-m\libc.a(lib_a-__call_atexit.o) (__retarget_lock_acquire_recursive)
c:/program files (x86)/atmel/studio/7.0/toolchain/arm/arm-gnu-toolchain/bin/../lib/gcc/arm-none-eabi/6.3.1/../../../../arm-none-eabi/lib/thumb/v7e-m\libc.a(lib_a-__atexit.o)
                              c:/program files (x86)/atmel/studio/7.0/toolchain/arm/arm-gnu-toolchain/bin/../lib/gcc/arm-none-eabi/6.3.1/../../../../arm-none-eabi/lib/thumb/v7e-m\libc.a(lib_a-atexit.o) (__register_exitproc)

Allocating common symbols
Common symbol       size              file

__lock___atexit_recursive_mutex
                    0x1               c:/program files (x86)/atmel/studio/7.0/toolchain/arm/arm-gnu-toolchain/bin/../lib/gcc/arm-none-eabi/6.3.1/../../../../arm-none-eabi/lib/thumb/v7e-m\libc.a(lib_a-lock.o)
__lock___arc4random_mutex
                    0x1               c:/program files (x86)/atmel/studio/7.0/toolchain/arm/arm-gnu-toolchain/bin/../lib/gcc/arm-none-eabi/6.3.1/../../../../arm-none-eabi/lib/thumb/v7e-m\libc.a(lib_a-lock.o)
__lock___env_recursive_mutex
                    0x1               c:/program files (x86)/atmel/studio/7.0/toolchain/arm/arm-gnu-toolchain/bin/../lib/gcc/arm-none-eabi/6.3.1/../../../../arm-none-eabi/lib/thumb/v7e-m\libc.a(lib_a-lock.o)
__lock___sinit_recursive_mutex
                    0x1               c:/program files (x86)/atmel/studio/7.0/toolchain/arm/arm-gnu-toolchain/bin/../lib/gcc/arm-none-eabi/6.3.1/../../../../arm-none-eabi/lib/thumb/v7e-m\libc.a(lib_a-lock.o)
__lock___malloc_recursive_mutex
                    0x1               c:/program files (x86)/atmel/studio/7.0/toolchain/arm/arm-gnu-toolchain/bin/../lib/gcc/arm-none-eabi/6.3.1/../../../../arm-none-eabi/lib/thumb/v7e-m\libc.a(lib_a-lock.o)
pio_capture_enable_flag
                    0x4               src/ASF/sam/drivers/pio/pio.o
__lock___at_quick_exit_mutex
[...]
Memory Configuration

Name             Origin             Length             Attributes
rom              0x00400000         0x00200000         xr
ram              0x20400000         0x00060000         xrw
*default*        0x00000000         0xffffffff

Linker script and memory map

LOAD c:/program files (x86)/atmel/studio/7.0/toolchain/arm/arm-gnu-toolchain/bin/../lib/gcc/arm-none-eabi/6.3.1/thumb/v7e-m/crti.o
LOAD c:/program files (x86)/atmel/studio/7.0/toolchain/arm/arm-gnu-toolchain/bin/../lib/gcc/arm-none-eabi/6.3.1/thumb/v7e-m/crtbegin.o
LOAD c:/program files (x86)/atmel/studio/7.0/toolchain/arm/arm-gnu-toolchain/bin/../lib/gcc/arm-none-eabi/6.3.1/../../../../arm-none-eabi/lib/thumb/v7e-m/crt0.o
LOAD src/ASF/common/services/clock/same70/sysclk.o
LOAD src/ASF/common/utils/interrupt/interrupt_sam_nvic.o
LOAD src/ASF/sam/drivers/mpu/mpu.o
LOAD src/ASF/sam/drivers/pio/pio.o
LOAD src/ASF/sam/drivers/pio/pio_handler.o
LOAD src/ASF/sam/drivers/pmc/pmc.o
LOAD src/ASF/sam/drivers/pmc/sleep.o
LOAD src/ASF/sam/drivers/rtt/rtt.o
LOAD src/ASF/sam/utils/cmsis/same70/source/templates/gcc/startup_same70.o
LOAD src/ASF/sam/utils/cmsis/same70/source/templates/system_same70.o
LOAD src/ASF/sam/utils/syscalls/gcc/syscalls.o
LOAD src/main.o
START GROUP
LOAD ../src/ASF/thirdparty/CMSIS/Lib/GCC\libarm_cortexM7lfsp_math_softfp.a
LOAD c:/program files (x86)/atmel/studio/7.0/toolchain/arm/arm-gnu-toolchain/bin/../lib/gcc/arm-none-eabi/6.3.1/../../../../arm-none-eabi/lib/thumb/v7e-m\libm.a
END GROUP
START GROUP
LOAD c:/program files (x86)/atmel/studio/7.0/toolchain/arm/arm-gnu-toolchain/bin/../lib/gcc/arm-none-eabi/6.3.1/thumb/v7e-m\libgcc.a
LOAD c:/program files (x86)/atmel/studio/7.0/toolchain/arm/arm-gnu-toolchain/bin/../lib/gcc/arm-none-eabi/6.3.1/../../../../arm-none-eabi/lib/thumb/v7e-m\libc.a
END GROUP
LOAD c:/program files (x86)/atmel/studio/7.0/toolchain/arm/arm-gnu-toolchain/bin/../lib/gcc/arm-none-eabi/6.3.1/thumb/v7e-m/crtend.o
LOAD c:/program files (x86)/atmel/studio/7.0/toolchain/arm/arm-gnu-toolchain/bin/../lib/gcc/arm-none-eabi/6.3.1/thumb/v7e-m/crtn.o
                0x00002000                STACK_SIZE = DEFINED (STACK_SIZE)?STACK_SIZE:0x2000
                0x2045fffc                __ram_end__ = ((ORIGIN (ram) + LENGTH (ram)) - 0x4)
                0x00000200                HEAP_SIZE = DEFINED (HEAP_SIZE)?HEAP_SIZE:0x200

.text           0x00400000     0x1640
                0x00400000                . = ALIGN (0x4)
                0x00400000                _sfixed = .
 *(.vectors .vectors.*)
 .vectors       0x00400000      0x140 src/ASF/sam/utils/cmsis/same70/source/templates/gcc/startup_same70.o
                0x00400000                exception_table
 *(.text .text.* .gnu.linkonce.t.*)
 .text          0x00400140       0x6c c:/program files (x86)/atmel/studio/7.0/toolchain/arm/arm-gnu-toolchain/bin/../lib/gcc/arm-none-eabi/6.3.1/thumb/v7e-m/crtbegin.o
 .text.osc_enable
                0x004001ac       0x88 src/ASF/common/services/clock/same70/sysclk.o
 .text.osc_is_ready
                0x00400234       0x70 src/ASF/common/services/clock/same70/sysclk.o
 .text.osc_get_rate
                0x004002a4       0x74 src/ASF/common/services/clock/same70/sysclk.o
 .text.osc_wait_ready
                0x00400318       0x2c src/ASF/common/services/clock/same70/sysclk.o
 .text.pll_config_init
                0x00400344       0x6c src/ASF/common/services/clock/same70/sysclk.o
 .text.pll_enable
                0x004003b0       0x40 src/ASF/common/services/clock/same70/sysclk.o
 .text.pll_is_locked
                0x004003f0       0x2c src/ASF/common/services/clock/same70/sysclk.o
 .text.pll_enable_source
                0x0040041c       0x38 src/ASF/common/services/clock/same70/sysclk.o
 .text.pll_wait_for_lock
                0x00400454       0x24 src/ASF/common/services/clock/same70/sysclk.o
 .text.sysclk_get_main_hz
                0x00400478       0x20 src/ASF/common/services/clock/same70/sysclk.o
 .text.sysclk_get_cpu_hz
                0x00400498       0x14 src/ASF/common/services/clock/same70/sysclk.o
 .text.sysclk_init
                0x004004ac       0x7c src/ASF/common/services/clock/same70/sysclk.o
                0x004004ac                sysclk_init
 .text.pio_pull_up
                0x00400528       0x2c src/ASF/sam/drivers/pio/pio.o
                0x00400528                pio_pull_up
 .text.pio_set  0x00400554       0x1c src/ASF/sam/drivers/pio/pio.o
                0x00400554                pio_set
 .text.pio_clear
                0x00400570       0x1c src/ASF/sam/drivers/pio/pio.o
                0x00400570                pio_clear
 .text.pio_set_peripheral
                0x0040058c      0x110 src/ASF/sam/drivers/pio/pio.o
                0x0040058c                pio_set_peripheral
 .text.pio_set_input
                0x0040069c       0x80 src/ASF/sam/drivers/pio/pio.o
                0x0040069c                pio_set_input
 .text.pio_set_output
                0x0040071c       0x64 src/ASF/sam/drivers/pio/pio.o
                0x0040071c                pio_set_output
 .text.pio_configure
                0x00400780       0xcc src/ASF/sam/drivers/pio/pio.o
                0x00400780                pio_configure
 .text.pio_get_output_data_status
                0x0040084c       0x28 src/ASF/sam/drivers/pio/pio.o
                0x0040084c                pio_get_output_data_status
 .text.pio_disable_interrupt
                0x00400874       0x1c src/ASF/sam/drivers/pio/pio.o
                0x00400874                pio_disable_interrupt
 .text.pio_get_interrupt_status
                0x00400890       0x18 src/ASF/sam/drivers/pio/pio.o
                0x00400890                pio_get_interrupt_status
 .text.pio_get_interrupt_mask
                0x004008a8       0x18 src/ASF/sam/drivers/pio/pio.o
                0x004008a8                pio_get_interrupt_mask
 .text.pio_handler_process
                0x004008c0       0xb4 src/ASF/sam/drivers/pio/pio_handler.o
                0x004008c0                pio_handler_process
 .text.PIOA_Handler
                0x00400974       0x18 src/ASF/sam/drivers/pio/pio_handler.o
                0x00400974                PIOA_Handler
 .text.PIOB_Handler
                0x0040098c       0x18 src/ASF/sam/drivers/pio/pio_handler.o
                0x0040098c                PIOB_Handler
 .text.PIOC_Handler
                0x004009a4       0x18 src/ASF/sam/drivers/pio/pio_handler.o
                0x004009a4                PIOC_Handler
 .text.PIOD_Handler
                0x004009bc       0x18 src/ASF/sam/drivers/pio/pio_handler.o
                0x004009bc                PIOD_Handler
 .text.PIOE_Handler
                0x004009d4       0x18 src/ASF/sam/drivers/pio/pio_handler.o
                0x004009d4                PIOE_Handler
 .text.pmc_mck_set_division
                0x004009ec       0x7c src/ASF/sam/drivers/pmc/pmc.o
                0x004009ec                pmc_mck_set_division
 .text.pmc_switch_mck_to_pllack
                0x00400a68       0x84 src/ASF/sam/drivers/pmc/pmc.o
                0x00400a68                pmc_switch_mck_to_pllack
 .text.pmc_switch_sclk_to_32kxtal
                0x00400aec       0x38 src/ASF/sam/drivers/pmc/pmc.o
                0x00400aec                pmc_switch_sclk_to_32kxtal
 .text.pmc_osc_is_ready_32kxtal
                0x00400b24       0x34 src/ASF/sam/drivers/pmc/pmc.o
                0x00400b24                pmc_osc_is_ready_32kxtal
 .text.pmc_switch_mainck_to_fastrc
                0x00400b58       0x70 src/ASF/sam/drivers/pmc/pmc.o
                0x00400b58                pmc_switch_mainck_to_fastrc
 .text.pmc_switch_mainck_to_xtal
                0x00400bc8       0x78 src/ASF/sam/drivers/pmc/pmc.o
                0x00400bc8                pmc_switch_mainck_to_xtal
 .text.pmc_osc_is_ready_mainck
                0x00400c40       0x1c src/ASF/sam/drivers/pmc/pmc.o
                0x00400c40                pmc_osc_is_ready_mainck
 .text.pmc_disable_pllack
                0x00400c5c       0x1c src/ASF/sam/drivers/pmc/pmc.o
                0x00400c5c                pmc_disable_pllack
 .text.pmc_is_locked_pllack
                0x00400c78       0x1c src/ASF/sam/drivers/pmc/pmc.o
                0x00400c78                pmc_is_locked_pllack
 .text.pmc_is_locked_upll
                0x00400c94       0x1c src/ASF/sam/drivers/pmc/pmc.o
                0x00400c94                pmc_is_locked_upll
 .text.pmc_enable_periph_clk
                0x00400cb0       0x84 src/ASF/sam/drivers/pmc/pmc.o
                0x00400cb0                pmc_enable_periph_clk
 .text.rtt_init
                0x00400d34       0x30 src/ASF/sam/drivers/rtt/rtt.o
                0x00400d34                rtt_init
 .text.rtt_sel_source
                0x00400d64       0x58 src/ASF/sam/drivers/rtt/rtt.o
                0x00400d64                rtt_sel_source
 .text.rtt_enable_interrupt
                0x00400dbc       0x38 src/ASF/sam/drivers/rtt/rtt.o
                0x00400dbc                rtt_enable_interrupt
 .text.rtt_disable_interrupt
                0x00400df4       0x40 src/ASF/sam/drivers/rtt/rtt.o
                0x00400df4                rtt_disable_interrupt
 .text.rtt_read_timer_value
                0x00400e34       0x2e src/ASF/sam/drivers/rtt/rtt.o
                0x00400e34                rtt_read_timer_value
 .text.rtt_get_status
                0x00400e62       0x18 src/ASF/sam/drivers/rtt/rtt.o
                0x00400e62                rtt_get_status
 *fill*         0x00400e7a        0x2 
 .text.rtt_write_alarm_time
                0x00400e7c       0x5c src/ASF/sam/drivers/rtt/rtt.o
                0x00400e7c                rtt_write_alarm_time
 .text.cpu_irq_save
                0x00400ed8       0x38 src/ASF/sam/utils/cmsis/same70/source/templates/gcc/startup_same70.o
 .text.cpu_irq_is_enabled_flags
                0x00400f10       0x20 src/ASF/sam/utils/cmsis/same70/source/templates/gcc/startup_same70.o
 .text.cpu_irq_restore
                0x00400f30       0x30 src/ASF/sam/utils/cmsis/same70/source/templates/gcc/startup_same70.o
 .text.Reset_Handler
                0x00400f60       0xb0 src/ASF/sam/utils/cmsis/same70/source/templates/gcc/startup_same70.o
                0x00400f60                Reset_Handler
 .text.Dummy_Handler
                0x00401010        0x6 src/ASF/sam/utils/cmsis/same70/source/templates/gcc/startup_same70.o
                0x00401010                DACC_Handler
                0x00401010                DebugMon_Handler
                0x00401010                UART3_Handler
                0x00401010                UART2_Handler
                0x00401010                TRNG_Handler
                0x00401010                HardFault_Handler
                0x00401010                TC2_Handler
                0x00401010                SysTick_Handler
                0x00401010                AFEC1_Handler
                0x00401010                PendSV_Handler
                0x00401010                NMI_Handler
                0x00401010                TC7_Handler
                0x00401010                QSPI_Handler
                0x00401010                ISI_Handler
                0x00401010                TC9_Handler
                0x00401010                RSWDT_Handler
                0x00401010                MCAN1_Handler
                0x00401010                USART0_Handler
                0x00401010                USBHS_Handler
                0x00401010                RTC_Handler
                0x00401010                UsageFault_Handler
                0x00401010                TC6_Handler
                0x00401010                WDT_Handler
                0x00401010                TC4_Handler
                0x00401010                TC1_Handler
                0x00401010                HSMCI_Handler
                0x00401010                UART1_Handler
                0x00401010                TC3_Handler
                0x00401010                Dummy_Handler
                0x00401010                TWIHS1_Handler
                0x00401010                XDMAC_Handler
                0x00401010                UART4_Handler
                0x00401010                PWM1_Handler
                0x00401010                USART1_Handler
                0x00401010                PWM0_Handler
                0x00401010                AFEC0_Handler
                0x00401010                TC11_Handler
                0x00401010                SSC_Handler
                0x00401010                ACC_Handler
                0x00401010                PMC_Handler
                0x00401010                GMAC_Handler
                0x00401010                MemManage_Handler
                0x00401010                SUPC_Handler
                0x00401010                SVC_Handler
                0x00401010                TC8_Handler
                0x00401010                EFC_Handler
                0x00401010                USART2_Handler
                0x00401010                SDRAMC_Handler
                0x00401010                SPI1_Handler
                0x00401010                MCAN0_Handler
                0x00401010                TC10_Handler
                0x00401010                TWIHS2_Handler
                0x00401010                UART0_Handler
                0x00401010                BusFault_Handler
                0x00401010                RSTC_Handler
                0x00401010                TC0_Handler
                0x00401010                TC5_Handler
                0x00401010                AES_Handler
                0x00401010                ICM_Handler
                0x00401010                TWIHS0_Handler
                0x00401010                SPI0_Handler
 *fill*         0x00401016        0x2 
 .text.SystemCoreClockUpdate
                0x00401018      0x168 src/ASF/sam/utils/cmsis/same70/source/templates/system_same70.o
                0x00401018                SystemCoreClockUpdate
 .text.system_init_flash
                0x00401180       0x98 src/ASF/sam/utils/cmsis/same70/source/templates/system_same70.o
                0x00401180                system_init_flash
 .text.NVIC_EnableIRQ
                0x00401218       0x34 src/main.o
 .text.NVIC_DisableIRQ
                0x0040124c       0x34 src/main.o
 .text.NVIC_ClearPendingIRQ
                0x00401280       0x34 src/main.o
 .text.NVIC_SetPriority
                0x004012b4       0x54 src/main.o
 .text.RTT_Handler
                0x00401308       0x44 src/main.o
                0x00401308                RTT_Handler
 .text.pin_toggle
                0x0040134c       0x40 src/main.o
                0x0040134c                pin_toggle
 .text.io_init  0x0040138c       0x2c src/main.o
                0x0040138c                io_init
 .text.RTT_init
                0x004013b8       0x98 src/main.o
 .text.main     0x00401450       0x58 src/main.o
                0x00401450                main
 .text.__libc_init_array
                0x004014a8       0x50 c:/program files (x86)/atmel/studio/7.0/toolchain/arm/arm-gnu-toolchain/bin/../lib/gcc/arm-none-eabi/6.3.1/../../../../arm-none-eabi/lib/thumb/v7e-m\libc.a(lib_a-init.o)
                0x004014a8                __libc_init_array
 .text.startup.register_fini
                0x004014f8       0x14 c:/program files (x86)/atmel/studio/7.0/toolchain/arm/arm-gnu-toolchain/bin/../lib/gcc/arm-none-eabi/6.3.1/../../../../arm-none-eabi/lib/thumb/v7e-m\libc.a(lib_a-__call_atexit.o)
 .text.atexit   0x0040150c        0xc c:/program files (x86)/atmel/studio/7.0/toolchain/arm/arm-gnu-toolchain/bin/../lib/gcc/arm-none-eabi/6.3.1/../../../../arm-none-eabi/lib/thumb/v7e-m\libc.a(lib_a-atexit.o)
                0x0040150c                atexit
 .text.__libc_fini_array
                0x00401518       0x34 c:/program files (x86)/atmel/studio/7.0/toolchain/arm/arm-gnu-toolchain/bin/../lib/gcc/arm-none-eabi/6.3.1/../../../../arm-none-eabi/lib/thumb/v7e-m\libc.a(lib_a-fini.o)
                0x00401518                __libc_fini_array
 .text.__retarget_lock_acquire_recursive
                0x0040154c        0x4 c:/program files (x86)/atmel/studio/7.0/toolchain/arm/arm-gnu-toolchain/bin/../lib/gcc/arm-none-eabi/6.3.1/../../../../arm-none-eabi/lib/thumb/v7e-m\libc.a(lib_a-lock.o)
                0x0040154c                __retarget_lock_acquire_recursive
 .text.__retarget_lock_release_recursive
                0x00401550        0x4 c:/program files (x86)/atmel/studio/7.0/toolchain/arm/arm-gnu-toolchain/bin/../lib/gcc/arm-none-eabi/6.3.1/../../../../arm-none-eabi/lib/thumb/v7e-m\libc.a(lib_a-lock.o)
                0x00401550                __retarget_lock_release_recursive
 .text.__register_exitproc
                0x00401554       0xc4 c:/program files (x86)/atmel/studio/7.0/toolchain/arm/arm-gnu-toolchain/bin/../lib/gcc/arm-none-eabi/6.3.1/../../../../arm-none-eabi/lib/thumb/v7e-m\libc.a(lib_a-__atexit.o)
                0x00401554                __register_exitproc
 *(.glue_7t)
 .glue_7t       0x00401618        0x0 linker stubs
 *(.glue_7)
 .glue_7        0x00401618        0x0 linker stubs
 *(.rodata .rodata* .gnu.linkonce.r.*)
 .rodata._global_impure_ptr
                0x00401618        0x4 c:/program files (x86)/atmel/studio/7.0/toolchain/arm/arm-gnu-toolchain/bin/../lib/gcc/arm-none-eabi/6.3.1/../../../../arm-none-eabi/lib/thumb/v7e-m\libc.a(lib_a-impure.o)
                0x00401618                _global_impure_ptr
 *(.ARM.extab* .gnu.linkonce.armextab.*)
                0x0040161c                . = ALIGN (0x4)
 *(.init)
 .init          0x0040161c        0x4 c:/program files (x86)/atmel/studio/7.0/toolchain/arm/arm-gnu-toolchain/bin/../lib/gcc/arm-none-eabi/6.3.1/thumb/v7e-m/crti.o
                0x0040161c                _init
 .init          0x00401620        0x8 c:/program files (x86)/atmel/studio/7.0/toolchain/arm/arm-gnu-toolchain/bin/../lib/gcc/arm-none-eabi/6.3.1/thumb/v7e-m/crtn.o
                0x00401628                . = ALIGN (0x4)
                0x00401628                __preinit_array_start = .
 *(.preinit_array)
                0x00401628                __preinit_array_end = .
                0x00401628                . = ALIGN (0x4)
                0x00401628                __init_array_start = .
 *(SORT(.init_array.*))
 .init_array.00000
                0x00401628        0x4 c:/program files (x86)/atmel/studio/7.0/toolchain/arm/arm-gnu-toolchain/bin/../lib/gcc/arm-none-eabi/6.3.1/../../../../arm-none-eabi/lib/thumb/v7e-m\libc.a(lib_a-__call_atexit.o)
 *(.init_array)
 .init_array    0x0040162c        0x4 c:/program files (x86)/atmel/studio/7.0/toolchain/arm/arm-gnu-toolchain/bin/../lib/gcc/arm-none-eabi/6.3.1/thumb/v7e-m/crtbegin.o
                0x00401630                __init_array_end = .
                0x00401630                . = ALIGN (0x4)
 *crtbegin.o(.ctors)
 *(EXCLUDE_FILE(*crtend.o) .ctors)
 *(SORT(.ctors.*))
 *crtend.o(.ctors)
                0x00401630                . = ALIGN (0x4)
 *(.fini)
 .fini          0x00401630        0x4 c:/program files (x86)/atmel/studio/7.0/toolchain/arm/arm-gnu-toolchain/bin/../lib/gcc/arm-none-eabi/6.3.1/thumb/v7e-m/crti.o
                0x00401630                _fini
 .fini          0x00401634        0x8 c:/program files (x86)/atmel/studio/7.0/toolchain/arm/arm-gnu-toolchain/bin/../lib/gcc/arm-none-eabi/6.3.1/thumb/v7e-m/crtn.o
                0x0040163c                . = ALIGN (0x4)
                0x0040163c                __fini_array_start = .
 *(.fini_array)
 .fini_array    0x0040163c        0x4 c:/program files (x86)/atmel/studio/7.0/toolchain/arm/arm-gnu-toolchain/bin/../lib/gcc/arm-none-eabi/6.3.1/thumb/v7e-m/crtbegin.o
 *(SORT(.fini_array.*))
                0x00401640                __fini_array_end = .
 *crtbegin.o(.dtors)
 *(EXCLUDE_FILE(*crtend.o) .dtors)
 *(SORT(.dtors.*))
 *crtend.o(.dtors)
                0x00401640                . = ALIGN (0x4)
                0x00401640                _efixed = .
                [!provide]                PROVIDE (__exidx_start, .)

.vfp11_veneer   0x00401640        0x0
 .vfp11_veneer  0x00401640        0x0 linker stubs

.v4_bx          0x00401640        0x0
 .v4_bx         0x00401640        0x0 linker stubs

.iplt           0x00401640        0x0
 .iplt          0x00401640        0x0 c:/program files (x86)/atmel/studio/7.0/toolchain/arm/arm-gnu-toolchain/bin/../lib/gcc/arm-none-eabi/6.3.1/thumb/v7e-m/crtbegin.o

.eh_frame       0x00401640        0x0
 .eh_frame      0x00401640        0x0 c:/program files (x86)/atmel/studio/7.0/toolchain/arm/arm-gnu-toolchain/bin/../lib/gcc/arm-none-eabi/6.3.1/thumb/v7e-m/crtbegin.o

.rel.dyn        0x00401640        0x0
 .rel.iplt      0x00401640        0x0 c:/program files (x86)/atmel/studio/7.0/toolchain/arm/arm-gnu-toolchain/bin/../lib/gcc/arm-none-eabi/6.3.1/thumb/v7e-m/crtbegin.o

.jcr            0x00401640        0x0
 .jcr           0x00401640        0x0 c:/program files (x86)/atmel/studio/7.0/toolchain/arm/arm-gnu-toolchain/bin/../lib/gcc/arm-none-eabi/6.3.1/thumb/v7e-m/crtbegin.o

.igot.plt       0x00401640        0x0
 .igot.plt      0x00401640        0x0 c:/program files (x86)/atmel/studio/7.0/toolchain/arm/arm-gnu-toolchain/bin/../lib/gcc/arm-none-eabi/6.3.1/thumb/v7e-m/crtbegin.o

.ARM.exidx
 *(.ARM.exidx* .gnu.linkonce.armexidx.*)
                [!provide]                PROVIDE (__exidx_end, .)
                0x00401640                . = ALIGN (0x4)
                0x00401640                _etext = .

.relocate       0x20400000      0x434 load address 0x00401640
                0x20400000                . = ALIGN (0x4)
                0x20400000                _srelocate = .
 *(.ramfunc .ramfunc.*)
 *(.data .data.*)
 .data.g_interrupt_enabled
                0x20400000        0x1 src/ASF/common/utils/interrupt/interrupt_sam_nvic.o
                0x20400000                g_interrupt_enabled
 *fill*         0x20400001        0x3 
 .data.SystemCoreClock
                0x20400004        0x4 src/ASF/sam/utils/cmsis/same70/source/templates/system_same70.o
                0x20400004                SystemCoreClock
 .data.impure_data
                0x20400008      0x428 c:/program files (x86)/atmel/studio/7.0/toolchain/arm/arm-gnu-toolchain/bin/../lib/gcc/arm-none-eabi/6.3.1/../../../../arm-none-eabi/lib/thumb/v7e-m\libc.a(lib_a-impure.o)
 .data.__atexit_recursive_mutex
                0x20400430        0x4 c:/program files (x86)/atmel/studio/7.0/toolchain/arm/arm-gnu-toolchain/bin/../lib/gcc/arm-none-eabi/6.3.1/../../../../arm-none-eabi/lib/thumb/v7e-m\libc.a(lib_a-__call_atexit.o)
                0x20400430                __atexit_recursive_mutex
                0x20400434                . = ALIGN (0x4)
                0x20400434                _erelocate = .

.bss            0x20400434       0xb8 load address 0x00401a74
                0x20400434                . = ALIGN (0x4)
                0x20400434                _sbss = .
                0x20400434                _szero = .
 *(.bss .bss.*)
 .bss           0x20400434       0x1c c:/program files (x86)/atmel/studio/7.0/toolchain/arm/arm-gnu-toolchain/bin/../lib/gcc/arm-none-eabi/6.3.1/thumb/v7e-m/crtbegin.o
 .bss.gs_interrupt_sources
                0x20400450       0x70 src/ASF/sam/drivers/pio/pio_handler.o
 .bss.g_wobits_in_rtt_mr
                0x204004c0        0x4 src/ASF/sam/drivers/rtt/rtt.o
 .bss.f_rtt_alarme
                0x204004c4        0x1 src/main.o
                0x204004c4                f_rtt_alarme
 *(COMMON)
 *fill*         0x204004c5        0x3 
 COMMON         0x204004c8       0x21 c:/program files (x86)/atmel/studio/7.0/toolchain/arm/arm-gnu-toolchain/bin/../lib/gcc/arm-none-eabi/6.3.1/../../../../arm-none-eabi/lib/thumb/v7e-m\libc.a(lib_a-lock.o)
                0x204004c8                __lock___atexit_recursive_mutex
                0x204004cc                __lock___arc4random_mutex
                0x204004d0                __lock___env_recursive_mutex
                0x204004d4                __lock___sinit_recursive_mutex
                0x204004d8                __lock___malloc_recursive_mutex
                0x204004dc                __lock___at_quick_exit_mutex
                0x204004e0                __lock___dd_hash_mutex
                0x204004e4                __lock___tz_mutex
                0x204004e8                __lock___sfp_recursive_mutex
                0x204004ec                . = ALIGN (0x4)
 *fill*         0x204004e9        0x3 
                0x204004ec                _ebss = .
                0x204004ec                _ezero = .

.stack          0x204004ec     0x2004 load address 0x00401b2c
                0x204004f0                . = ALIGN (0x8)
 *fill*         0x204004ec        0x4 
                0x204004f0                _sstack = .
                0x204024f0                . = (. + STACK_SIZE)
 *fill*         0x204004f0     0x2000 
                0x204024f0                . = ALIGN (0x8)
                0x204024f0                _estack = .

.heap           0x204024f0      0x200 load address 0x00403b30
                0x204024f0                . = ALIGN (0x8)
                0x204024f0                _sheap = .
                0x204026f0                . = (. + HEAP_SIZE)
 *fill*         0x204024f0      0x200 
                0x204026f0                . = ALIGN (0x8)
                0x204026f0                _eheap = .
                0x204026f0                . = ALIGN (0x4)
                0x204026f0                _end = .
                0x2045ffff                _ram_end_ = ((ORIGIN (ram) + LENGTH (ram)) - 0x1)
OUTPUT(RTT.elf elf32-littlearm)

.ARM.attributes
                0x00000000       0x2e
 .ARM.attributes
                0x00000000       0x1e c:/program files (x86)/atmel/studio/7.0/toolchain/arm/arm-gnu-toolchain/bin/../lib/gcc/arm-none-eabi/6.3.1/thumb/v7e-m/crti.o
 .ARM.attributes
                0x0000001e       0x2e c:/program files (x86)/atmel/studio/7.0/toolchain/arm/arm-gnu-toolchain/bin/../lib/gcc/arm-none-eabi/6.3.1/thumb/v7e-m/crtbegin.o
 .ARM.attributes
                0x0000004c       0x37 src/ASF/common/services/clock/same70/sysclk.o
 .ARM.attributes
                0x00000083       0x37 src/ASF/common/utils/interrupt/interrupt_sam_nvic.o
 .ARM.attributes
                0x000000ba       0x37 src/ASF/sam/drivers/pio/pio.o
 .ARM.attributes
                0x000000f1       0x37 src/ASF/sam/drivers/pio/pio_handler.o
 .ARM.attributes
                0x00000128       0x37 src/ASF/sam/drivers/pmc/pmc.o
 .ARM.attributes
                0x0000015f       0x37 src/ASF/sam/drivers/rtt/rtt.o
 .ARM.attributes
                0x00000196       0x37 src/ASF/sam/utils/cmsis/same70/source/templates/gcc/startup_same70.o
 .ARM.attributes
                0x000001cd       0x37 src/ASF/sam/utils/cmsis/same70/source/templates/system_same70.o
 .ARM.attributes
                0x00000204       0x37 src/main.o
 .ARM.attributes
                0x0000023b       0x2e c:/program files (x86)/atmel/studio/7.0/toolchain/arm/arm-gnu-toolchain/bin/../lib/gcc/arm-none-eabi/6.3.1/../../../../arm-none-eabi/lib/thumb/v7e-m\libc.a(lib_a-impure.o)
 .ARM.attributes
                0x00000269       0x2e c:/program files (x86)/atmel/studio/7.0/toolchain/arm/arm-gnu-toolchain/bin/../lib/gcc/arm-none-eabi/6.3.1/../../../../arm-none-eabi/lib/thumb/v7e-m\libc.a(lib_a-init.o)
 .ARM.attributes
                0x00000297       0x2e c:/program files (x86)/atmel/studio/7.0/toolchain/arm/arm-gnu-toolchain/bin/../lib/gcc/arm-none-eabi/6.3.1/../../../../arm-none-eabi/lib/thumb/v7e-m\libc.a(lib_a-__call_atexit.o)
 .ARM.attributes
                0x000002c5       0x2e c:/program files (x86)/atmel/studio/7.0/toolchain/arm/arm-gnu-toolchain/bin/../lib/gcc/arm-none-eabi/6.3.1/../../../../arm-none-eabi/lib/thumb/v7e-m\libc.a(lib_a-atexit.o)
 .ARM.attributes
                0x000002f3       0x2e c:/program files (x86)/atmel/studio/7.0/toolchain/arm/arm-gnu-toolchain/bin/../lib/gcc/arm-none-eabi/6.3.1/../../../../arm-none-eabi/lib/thumb/v7e-m\libc.a(lib_a-fini.o)
 .ARM.attributes
                0x00000321       0x2e c:/program files (x86)/atmel/studio/7.0/toolchain/arm/arm-gnu-toolchain/bin/../lib/gcc/arm-none-eabi/6.3.1/../../../../arm-none-eabi/lib/thumb/v7e-m\libc.a(lib_a-lock.o)
 .ARM.attributes
                0x0000034f       0x2e c:/program files (x86)/atmel/studio/7.0/toolchain/arm/arm-gnu-toolchain/bin/../lib/gcc/arm-none-eabi/6.3.1/../../../../arm-none-eabi/lib/thumb/v7e-m\libc.a(lib_a-__atexit.o)
 .ARM.attributes
                0x0000037d       0x1e c:/program files (x86)/atmel/studio/7.0/toolchain/arm/arm-gnu-toolchain/bin/../lib/gcc/arm-none-eabi/6.3.1/thumb/v7e-m/crtn.o

.comment        0x00000000       0x59
 .comment       0x00000000       0x59 src/ASF/common/services/clock/same70/sysclk.o
                                 0x5a (size before relaxing)
 .comment       0x00000059       0x5a src/ASF/common/utils/interrupt/interrupt_sam_nvic.o
 .comment       0x00000059       0x5a src/ASF/sam/drivers/pio/pio.o
 .comment       0x00000059       0x5a src/ASF/sam/drivers/pio/pio_handler.o
 .comment       0x00000059       0x5a src/ASF/sam/drivers/pmc/pmc.o
 .comment       0x00000059       0x5a src/ASF/sam/drivers/rtt/rtt.o
 .comment       0x00000059       0x5a src/ASF/sam/utils/cmsis/same70/source/templates/gcc/startup_same70.o
 .comment       0x00000059       0x5a src/ASF/sam/utils/cmsis/same70/source/templates/system_same70.o
 .comment       0x00000059       0x5a src/main.o

.debug_info     0x00000000     0xb3d5
 .debug_info    0x00000000     0x12d4 src/ASF/common/services/clock/same70/sysclk.o
 .debug_info    0x000012d4      0xb06 src/ASF/common/utils/interrupt/interrupt_sam_nvic.o
 .debug_info    0x00001dda     0x1cbf src/ASF/sam/drivers/pio/pio.o
 .debug_info    0x00003a99     0x1a18 src/ASF/sam/drivers/pio/pio_handler.o
 .debug_info    0x000054b1     0x1dc0 src/ASF/sam/drivers/pmc/pmc.o
 .debug_info    0x00007271      0xcaf src/ASF/sam/drivers/rtt/rtt.o
 .debug_info    0x00007f20     0x157c src/ASF/sam/utils/cmsis/same70/source/templates/gcc/startup_same70.o
 .debug_info    0x0000949c      0x55f src/ASF/sam/utils/cmsis/same70/source/templates/system_same70.o
 .debug_info    0x000099fb     0x19da src/main.o

.debug_abbrev   0x00000000     0x15a8
 .debug_abbrev  0x00000000      0x296 src/ASF/common/services/clock/same70/sysclk.o
 .debug_abbrev  0x00000296      0x214 src/ASF/common/utils/interrupt/interrupt_sam_nvic.o
 .debug_abbrev  0x000004aa      0x296 src/ASF/sam/drivers/pio/pio.o
 .debug_abbrev  0x00000740      0x2c9 src/ASF/sam/drivers/pio/pio_handler.o
 .debug_abbrev  0x00000a09      0x2c5 src/ASF/sam/drivers/pmc/pmc.o
 .debug_abbrev  0x00000cce      0x203 src/ASF/sam/drivers/rtt/rtt.o
 .debug_abbrev  0x00000ed1      0x2e8 src/ASF/sam/utils/cmsis/same70/source/templates/gcc/startup_same70.o
 .debug_abbrev  0x000011b9      0x102 src/ASF/sam/utils/cmsis/same70/source/templates/system_same70.o
 .debug_abbrev  0x000012bb      0x2ed src/main.o

.debug_loc      0x00000000     0x39e8
 .debug_loc     0x00000000      0x4a0 src/ASF/common/services/clock/same70/sysclk.o
 .debug_loc     0x000004a0       0xa0 src/ASF/common/utils/interrupt/interrupt_sam_nvic.o
 .debug_loc     0x00000540     0x1174 src/ASF/sam/drivers/pio/pio.o
 .debug_loc     0x000016b4      0x38c src/ASF/sam/drivers/pio/pio_handler.o
 .debug_loc     0x00001a40     0x1714 src/ASF/sam/drivers/pmc/pmc.o
 .debug_loc     0x00003154      0x330 src/ASF/sam/drivers/rtt/rtt.o
 .debug_loc     0x00003484      0x16c src/ASF/sam/utils/cmsis/same70/source/templates/gcc/startup_same70.o
 .debug_loc     0x000035f0       0xe4 src/ASF/sam/utils/cmsis/same70/source/templates/system_same70.o
 .debug_loc     0x000036d4      0x314 src/main.o

.debug_aranges  0x00000000      0x670
 .debug_aranges
                0x00000000       0x98 src/ASF/common/services/clock/same70/sysclk.o
 .debug_aranges
                0x00000098       0x28 src/ASF/common/utils/interrupt/interrupt_sam_nvic.o
 .debug_aranges
                0x000000c0      0x1a8 src/ASF/sam/drivers/pio/pio.o
 .debug_aranges
                0x00000268       0x80 src/ASF/sam/drivers/pio/pio_handler.o
 .debug_aranges
                0x000002e8      0x250 src/ASF/sam/drivers/pmc/pmc.o
 .debug_aranges
                0x00000538       0x60 src/ASF/sam/drivers/rtt/rtt.o
 .debug_aranges
                0x00000598       0x40 src/ASF/sam/utils/cmsis/same70/source/templates/gcc/startup_same70.o
 .debug_aranges
                0x000005d8       0x30 src/ASF/sam/utils/cmsis/same70/source/templates/system_same70.o
 .debug_aranges
                0x00000608       0x68 src/main.o

.debug_ranges   0x00000000      0x5e0
 .debug_ranges  0x00000000       0x88 src/ASF/common/services/clock/same70/sysclk.o
 .debug_ranges  0x00000088       0x18 src/ASF/common/utils/interrupt/interrupt_sam_nvic.o
 .debug_ranges  0x000000a0      0x198 src/ASF/sam/drivers/pio/pio.o
 .debug_ranges  0x00000238       0x70 src/ASF/sam/drivers/pio/pio_handler.o
 .debug_ranges  0x000002a8      0x240 src/ASF/sam/drivers/pmc/pmc.o
 .debug_ranges  0x000004e8       0x50 src/ASF/sam/drivers/rtt/rtt.o
 .debug_ranges  0x00000538       0x30 src/ASF/sam/utils/cmsis/same70/source/templates/gcc/startup_same70.o
 .debug_ranges  0x00000568       0x20 src/ASF/sam/utils/cmsis/same70/source/templates/system_same70.o
 .debug_ranges  0x00000588       0x58 src/main.o

.debug_macro    0x00000000    0x1bee6
 .debug_macro   0x00000000      0x6d1 src/ASF/common/services/clock/same70/sysclk.o
 .debug_macro   0x000006d1      0x8ce src/ASF/common/services/clock/same70/sysclk.o
 .debug_macro   0x00000f9f      0x652 src/ASF/common/services/clock/same70/sysclk.o
 .debug_macro   0x000015f1       0x3a src/ASF/common/services/clock/same70/sysclk.o
 .debug_macro   0x0000162b      0x16d src/ASF/common/services/clock/same70/sysclk.o
 .debug_macro   0x00001798       0x76 src/ASF/common/services/clock/same70/sysclk.o
 .debug_macro   0x0000180e       0x16 src/ASF/common/services/clock/same70/sysclk.o
 .debug_macro   0x00001824      0x6e4 src/ASF/common/services/clock/same70/sysclk.o
 .debug_macro   0x00001f08       0x22 src/ASF/common/services/clock/same70/sysclk.o
 .debug_macro   0x00001f2a       0x87 src/ASF/common/services/clock/same70/sysclk.o
 .debug_macro   0x00001fb1       0x51 src/ASF/common/services/clock/same70/sysclk.o
 .debug_macro   0x00002002       0xef src/ASF/common/services/clock/same70/sysclk.o
 .debug_macro   0x000020f1       0x6a src/ASF/common/services/clock/same70/sysclk.o
 .debug_macro   0x0000215b      0x1df src/ASF/common/services/clock/same70/sysclk.o
 .debug_macro   0x0000233a       0x4a src/ASF/common/services/clock/same70/sysclk.o
 .debug_macro   0x00002384       0x3b src/ASF/common/services/clock/same70/sysclk.o
 .debug_macro   0x000023bf       0x2d src/ASF/common/services/clock/same70/sysclk.o
 .debug_macro   0x000023ec       0x26 src/ASF/common/services/clock/same70/sysclk.o
 .debug_macro   0x00002412      0xf9a src/ASF/common/services/clock/same70/sysclk.o
 .debug_macro   0x000033ac      0x175 src/ASF/common/services/clock/same70/sysclk.o
 .debug_macro   0x00003521      0x257 src/ASF/common/services/clock/same70/sysclk.o
 .debug_macro   0x00003778      0xa0f src/ASF/common/services/clock/same70/sysclk.o
 .debug_macro   0x00004187      0x1b9 src/ASF/common/services/clock/same70/sysclk.o
 .debug_macro   0x00004340      0x336 src/ASF/common/services/clock/same70/sysclk.o
 .debug_macro   0x00004676      0x15b src/ASF/common/services/clock/same70/sysclk.o
 .debug_macro   0x000047d1     0x1851 src/ASF/common/services/clock/same70/sysclk.o
 .debug_macro   0x00006022       0x1c src/ASF/common/services/clock/same70/sysclk.o
 .debug_macro   0x0000603e      0x68d src/ASF/common/services/clock/same70/sysclk.o
 .debug_macro   0x000066cb      0x31e src/ASF/common/services/clock/same70/sysclk.o
 .debug_macro   0x000069e9      0x4d4 src/ASF/common/services/clock/same70/sysclk.o
 .debug_macro   0x00006ebd      0x56e src/ASF/common/services/clock/same70/sysclk.o
 .debug_macro   0x0000742b     0x1332 src/ASF/common/services/clock/same70/sysclk.o
 .debug_macro   0x0000875d     0x278d src/ASF/common/services/clock/same70/sysclk.o
 .debug_macro   0x0000aeea     0x102b src/ASF/common/services/clock/same70/sysclk.o
 .debug_macro   0x0000bf15      0xe01 src/ASF/common/services/clock/same70/sysclk.o
 .debug_macro   0x0000cd16      0x3b1 src/ASF/common/services/clock/same70/sysclk.o
 .debug_macro   0x0000d0c7       0xa0 src/ASF/common/services/clock/same70/sysclk.o
 .debug_macro   0x0000d167       0x76 src/ASF/common/services/clock/same70/sysclk.o
 .debug_macro   0x0000d1dd      0x409 src/ASF/common/services/clock/same70/sysclk.o
 .debug_macro   0x0000d5e6       0x64 src/ASF/common/services/clock/same70/sysclk.o
 .debug_macro   0x0000d64a      0x284 src/ASF/common/services/clock/same70/sysclk.o
 .debug_macro   0x0000d8ce      0x1d0 src/ASF/common/services/clock/same70/sysclk.o
 .debug_macro   0x0000da9e      0x248 src/ASF/common/services/clock/same70/sysclk.o
 .debug_macro   0x0000dce6      0x524 src/ASF/common/services/clock/same70/sysclk.o
 .debug_macro   0x0000e20a      0x63b src/ASF/common/services/clock/same70/sysclk.o
 .debug_macro   0x0000e845      0x6b8 src/ASF/common/services/clock/same70/sysclk.o
 .debug_macro   0x0000eefd       0x4c src/ASF/common/services/clock/same70/sysclk.o
 .debug_macro   0x0000ef49      0x468 src/ASF/common/services/clock/same70/sysclk.o
 .debug_macro   0x0000f3b1      0x207 src/ASF/common/services/clock/same70/sysclk.o
 .debug_macro   0x0000f5b8      0x866 src/ASF/common/services/clock/same70/sysclk.o
 .debug_macro   0x0000fe1e     0x1547 src/ASF/common/services/clock/same70/sysclk.o
 .debug_macro   0x00011365       0x40 src/ASF/common/services/clock/same70/sysclk.o
 .debug_macro   0x000113a5       0x76 src/ASF/common/services/clock/same70/sysclk.o
 .debug_macro   0x0001141b      0xdaf src/ASF/common/services/clock/same70/sysclk.o
 .debug_macro   0x000121ca       0x82 src/ASF/common/services/clock/same70/sysclk.o
 .debug_macro   0x0001224c       0x76 src/ASF/common/services/clock/same70/sysclk.o
 .debug_macro   0x000122c2       0x4c src/ASF/common/services/clock/same70/sysclk.o
 .debug_macro   0x0001230e      0x135 src/ASF/common/services/clock/same70/sysclk.o
 .debug_macro   0x00012443      0x135 src/ASF/common/services/clock/same70/sysclk.o
 .debug_macro   0x00012578      0x135 src/ASF/common/services/clock/same70/sysclk.o
 .debug_macro   0x000126ad       0x6a src/ASF/common/services/clock/same70/sysclk.o
 .debug_macro   0x00012717       0x6a src/ASF/common/services/clock/same70/sysclk.o
 .debug_macro   0x00012781      0x313 src/ASF/common/services/clock/same70/sysclk.o
 .debug_macro   0x00012a94       0xb2 src/ASF/common/services/clock/same70/sysclk.o
 .debug_macro   0x00012b46       0xb2 src/ASF/common/services/clock/same70/sysclk.o
 .debug_macro   0x00012bf8       0xb2 src/ASF/common/services/clock/same70/sysclk.o
 .debug_macro   0x00012caa      0x11d src/ASF/common/services/clock/same70/sysclk.o
 .debug_macro   0x00012dc7      0x11d src/ASF/common/services/clock/same70/sysclk.o
 .debug_macro   0x00012ee4      0x2cd src/ASF/common/services/clock/same70/sysclk.o
 .debug_macro   0x000131b1       0xb8 src/ASF/common/services/clock/same70/sysclk.o
 .debug_macro   0x00013269       0x5e src/ASF/common/services/clock/same70/sysclk.o
 .debug_macro   0x000132c7       0x40 src/ASF/common/services/clock/same70/sysclk.o
 .debug_macro   0x00013307       0x4c src/ASF/common/services/clock/same70/sysclk.o
 .debug_macro   0x00013353       0xa0 src/ASF/common/services/clock/same70/sysclk.o
 .debug_macro   0x000133f3      0x494 src/ASF/common/services/clock/same70/sysclk.o
 .debug_macro   0x00013887      0x135 src/ASF/common/services/clock/same70/sysclk.o
 .debug_macro   0x000139bc       0x4c src/ASF/common/services/clock/same70/sysclk.o
 .debug_macro   0x00013a08      0x313 src/ASF/common/services/clock/same70/sysclk.o
 .debug_macro   0x00013d1b       0x6a src/ASF/common/services/clock/same70/sysclk.o
 .debug_macro   0x00013d85       0xb8 src/ASF/common/services/clock/same70/sysclk.o
 .debug_macro   0x00013e3d       0x6a src/ASF/common/services/clock/same70/sysclk.o
 .debug_macro   0x00013ea7       0x2e src/ASF/common/services/clock/same70/sysclk.o
 .debug_macro   0x00013ed5      0x9b1 src/ASF/common/services/clock/same70/sysclk.o
 .debug_macro   0x00014886       0x6a src/ASF/common/services/clock/same70/sysclk.o
 .debug_macro   0x000148f0       0x88 src/ASF/common/services/clock/same70/sysclk.o
 .debug_macro   0x00014978       0x58 src/ASF/common/services/clock/same70/sysclk.o
 .debug_macro   0x000149d0       0xe2 src/ASF/common/services/clock/same70/sysclk.o
 .debug_macro   0x00014ab2       0x16 src/ASF/common/services/clock/same70/sysclk.o
 .debug_macro   0x00014ac8       0xe2 src/ASF/common/services/clock/same70/sysclk.o
 .debug_macro   0x00014baa       0x4c src/ASF/common/services/clock/same70/sysclk.o
 .debug_macro   0x00014bf6       0x16 src/ASF/common/services/clock/same70/sysclk.o
 .debug_macro   0x00014c0c       0x4c src/ASF/common/services/clock/same70/sysclk.o
 .debug_macro   0x00014c58       0x2e src/ASF/common/services/clock/same70/sysclk.o
 .debug_macro   0x00014c86      0x1b5 src/ASF/common/services/clock/same70/sysclk.o
 .debug_macro   0x00014e3b      0x1b5 src/ASF/common/services/clock/same70/sysclk.o
 .debug_macro   0x00014ff0      0x1b5 src/ASF/common/services/clock/same70/sysclk.o
 .debug_macro   0x000151a5      0x1b5 src/ASF/common/services/clock/same70/sysclk.o
 .debug_macro   0x0001535a      0x1b5 src/ASF/common/services/clock/same70/sysclk.o
 .debug_macro   0x0001550f       0x1c src/ASF/common/services/clock/same70/sysclk.o
 .debug_macro   0x0001552b       0x2e src/ASF/common/services/clock/same70/sysclk.o
 .debug_macro   0x00015559       0x22 src/ASF/common/services/clock/same70/sysclk.o
 .debug_macro   0x0001557b       0x1c src/ASF/common/services/clock/same70/sysclk.o
 .debug_macro   0x00015597       0x52 src/ASF/common/services/clock/same70/sysclk.o
 .debug_macro   0x000155e9       0x10 src/ASF/common/services/clock/same70/sysclk.o
 .debug_macro   0x000155f9       0x1c src/ASF/common/services/clock/same70/sysclk.o
 .debug_macro   0x00015615       0x4c src/ASF/common/services/clock/same70/sysclk.o
 .debug_macro   0x00015661       0x4c src/ASF/common/services/clock/same70/sysclk.o
 .debug_macro   0x000156ad       0x4c src/ASF/common/services/clock/same70/sysclk.o
 .debug_macro   0x000156f9      0x31b src/ASF/common/services/clock/same70/sysclk.o
 .debug_macro   0x00015a14     0x1022 src/ASF/common/services/clock/same70/sysclk.o
 .debug_macro   0x00016a36      0x100 src/ASF/common/services/clock/same70/sysclk.o
 .debug_macro   0x00016b36       0x58 src/ASF/common/services/clock/same70/sysclk.o
 .debug_macro   0x00016b8e       0x35 src/ASF/common/services/clock/same70/sysclk.o
 .debug_macro   0x00016bc3       0x9c src/ASF/common/services/clock/same70/sysclk.o
 .debug_macro   0x00016c5f       0x16 src/ASF/common/services/clock/same70/sysclk.o
 .debug_macro   0x00016c75       0x35 src/ASF/common/services/clock/same70/sysclk.o
 .debug_macro   0x00016caa      0x353 src/ASF/common/services/clock/same70/sysclk.o
 .debug_macro   0x00016ffd       0x10 src/ASF/common/services/clock/same70/sysclk.o
 .debug_macro   0x0001700d       0x58 src/ASF/common/services/clock/same70/sysclk.o
 .debug_macro   0x00017065       0x1f src/ASF/common/services/clock/same70/sysclk.o
 .debug_macro   0x00017084       0x43 src/ASF/common/services/clock/same70/sysclk.o
 .debug_macro   0x000170c7       0x20 src/ASF/common/services/clock/same70/sysclk.o
 .debug_macro   0x000170e7      0x187 src/ASF/common/services/clock/same70/sysclk.o
 .debug_macro   0x0001726e       0x10 src/ASF/common/services/clock/same70/sysclk.o
 .debug_macro   0x0001727e       0x1c src/ASF/common/services/clock/same70/sysclk.o
 .debug_macro   0x0001729a       0x52 src/ASF/common/services/clock/same70/sysclk.o
 .debug_macro   0x000172ec       0x40 src/ASF/common/services/clock/same70/sysclk.o
 .debug_macro   0x0001732c       0x10 src/ASF/common/services/clock/same70/sysclk.o
 .debug_macro   0x0001733c       0x40 src/ASF/common/services/clock/same70/sysclk.o
 .debug_macro   0x0001737c       0xd7 src/ASF/common/services/clock/same70/sysclk.o
 .debug_macro   0x00017453       0x16 src/ASF/common/services/clock/same70/sysclk.o
 .debug_macro   0x00017469      0x18b src/ASF/common/services/clock/same70/sysclk.o
 .debug_macro   0x000175f4       0x22 src/ASF/common/services/clock/same70/sysclk.o
 .debug_macro   0x00017616       0x16 src/ASF/common/services/clock/same70/sysclk.o
 .debug_macro   0x0001762c       0x16 src/ASF/common/services/clock/same70/sysclk.o
 .debug_macro   0x00017642       0x29 src/ASF/common/services/clock/same70/sysclk.o
 .debug_macro   0x0001766b       0x75 src/ASF/common/services/clock/same70/sysclk.o
 .debug_macro   0x000176e0       0x3f src/ASF/common/services/clock/same70/sysclk.o
 .debug_macro   0x0001771f      0x3ca src/ASF/common/services/clock/same70/sysclk.o
 .debug_macro   0x00017ae9      0x2b9 src/ASF/common/services/clock/same70/sysclk.o
 .debug_macro   0x00017da2      0x8d6 src/ASF/common/services/clock/same70/sysclk.o
 .debug_macro   0x00018678       0x70 src/ASF/common/services/clock/same70/sysclk.o
 .debug_macro   0x000186e8       0x64 src/ASF/common/services/clock/same70/sysclk.o
 .debug_macro   0x0001874c       0x5f src/ASF/common/services/clock/same70/sysclk.o
 .debug_macro   0x000187ab       0xac src/ASF/common/services/clock/same70/sysclk.o
 .debug_macro   0x00018857      0x655 src/ASF/common/utils/interrupt/interrupt_sam_nvic.o
 .debug_macro   0x00018eac      0x66b src/ASF/sam/drivers/pio/pio.o
 .debug_macro   0x00019517       0x8e src/ASF/sam/drivers/pio/pio.o
 .debug_macro   0x000195a5      0x676 src/ASF/sam/drivers/pio/pio_handler.o
 .debug_macro   0x00019c1b      0x66b src/ASF/sam/drivers/pmc/pmc.o
 .debug_macro   0x0001a286       0x6a src/ASF/sam/drivers/pmc/pmc.o
 .debug_macro   0x0001a2f0      0x660 src/ASF/sam/drivers/rtt/rtt.o
 .debug_macro   0x0001a950      0x664 src/ASF/sam/utils/cmsis/same70/source/templates/gcc/startup_same70.o
 .debug_macro   0x0001afb4       0x10 src/ASF/sam/utils/cmsis/same70/source/templates/gcc/startup_same70.o
 .debug_macro   0x0001afc4      0x455 src/ASF/sam/utils/cmsis/same70/source/templates/system_same70.o
 .debug_macro   0x0001b419      0x777 src/main.o
 .debug_macro   0x0001bb90       0x94 src/main.o
 .debug_macro   0x0001bc24       0x40 src/main.o
 .debug_macro   0x0001bc64       0x82 src/main.o
 .debug_macro   0x0001bce6      0x1ce src/main.o
 .debug_macro   0x0001beb4       0x16 src/main.o
 .debug_macro   0x0001beca       0x1c src/main.o

.debug_line     0x00000000     0x6b07
 .debug_line    0x00000000      0xc67 src/ASF/common/services/clock/same70/sysclk.o
 .debug_line    0x00000c67      0xa09 src/ASF/common/utils/interrupt/interrupt_sam_nvic.o
 .debug_line    0x00001670      0xe17 src/ASF/sam/drivers/pio/pio.o
 .debug_line    0x00002487      0xb18 src/ASF/sam/drivers/pio/pio_handler.o
 .debug_line    0x00002f9f     0x10d5 src/ASF/sam/drivers/pmc/pmc.o
 .debug_line    0x00004074      0xa7b src/ASF/sam/drivers/rtt/rtt.o
 .debug_line    0x00004aef      0xac0 src/ASF/sam/utils/cmsis/same70/source/templates/gcc/startup_same70.o
 .debug_line    0x000055af      0x819 src/ASF/sam/utils/cmsis/same70/source/templates/system_same70.o
 .debug_line    0x00005dc8      0xd3f src/main.o

.debug_str      0x00000000    0x88cb8
 .debug_str     0x00000000    0x85800 src/ASF/common/services/clock/same70/sysclk.o
                              0x85ea5 (size before relaxing)
 .debug_str     0x00085800       0x94 src/ASF/common/utils/interrupt/interrupt_sam_nvic.o
                              0x81e95 (size before relaxing)
 .debug_str     0x00085894      0xb31 src/ASF/sam/drivers/pio/pio.o
                              0x829eb (size before relaxing)
 .debug_str     0x000863c5      0x59e src/ASF/sam/drivers/pio/pio_handler.o
                              0x82b0d (size before relaxing)
 .debug_str     0x00086963      0x65f src/ASF/sam/drivers/pmc/pmc.o
                              0x82b40 (size before relaxing)
 .debug_str     0x00086fc2      0x132 src/ASF/sam/drivers/rtt/rtt.o
                              0x81f4a (size before relaxing)
 .debug_str     0x000870f4      0x6af src/ASF/sam/utils/cmsis/same70/source/templates/gcc/startup_same70.o
                              0x82662 (size before relaxing)
 .debug_str     0x000877a3      0x172 src/ASF/sam/utils/cmsis/same70/source/templates/system_same70.o
                              0x727ed (size before relaxing)
 .debug_str     0x00087915     0x13a3 src/main.o
                              0x87984 (size before relaxing)

.debug_frame    0x00000000     0x1c68
 .debug_frame   0x00000000      0x240 src/ASF/common/services/clock/same70/sysclk.o
 .debug_frame   0x00000240       0x58 src/ASF/common/utils/interrupt/interrupt_sam_nvic.o
 .debug_frame   0x00000298      0x7c0 src/ASF/sam/drivers/pio/pio.o
 .debug_frame   0x00000a58      0x1d0 src/ASF/sam/drivers/pio/pio_handler.o
 .debug_frame   0x00000c28      0xa58 src/ASF/sam/drivers/pmc/pmc.o
 .debug_frame   0x00001680      0x174 src/ASF/sam/drivers/rtt/rtt.o
 .debug_frame   0x000017f4       0xbc src/ASF/sam/utils/cmsis/same70/source/templates/gcc/startup_same70.o
 .debug_frame   0x000018b0       0x78 src/ASF/sam/utils/cmsis/same70/source/templates/system_same70.o
 .debug_frame   0x00001928      0x180 src/main.o
 .debug_frame   0x00001aa8       0x2c c:/program files (x86)/atmel/studio/7.0/toolchain/arm/arm-gnu-toolchain/bin/../lib/gcc/arm-none-eabi/6.3.1/../../../../arm-none-eabi/lib/thumb/v7e-m\libc.a(lib_a-init.o)
 .debug_frame   0x00001ad4       0x5c c:/program files (x86)/atmel/studio/7.0/toolchain/arm/arm-gnu-toolchain/bin/../lib/gcc/arm-none-eabi/6.3.1/../../../../arm-none-eabi/lib/thumb/v7e-m\libc.a(lib_a-__call_atexit.o)
 .debug_frame   0x00001b30       0x20 c:/program files (x86)/atmel/studio/7.0/toolchain/arm/arm-gnu-toolchain/bin/../lib/gcc/arm-none-eabi/6.3.1/../../../../arm-none-eabi/lib/thumb/v7e-m\libc.a(lib_a-atexit.o)
 .debug_frame   0x00001b50       0x34 c:/program files (x86)/atmel/studio/7.0/toolchain/arm/arm-gnu-toolchain/bin/../lib/gcc/arm-none-eabi/6.3.1/../../../../arm-none-eabi/lib/thumb/v7e-m\libc.a(lib_a-fini.o)
 .debug_frame   0x00001b84       0xb0 c:/program files (x86)/atmel/studio/7.0/toolchain/arm/arm-gnu-toolchain/bin/../lib/gcc/arm-none-eabi/6.3.1/../../../../arm-none-eabi/lib/thumb/v7e-m\libc.a(lib_a-lock.o)
 .debug_frame   0x00001c34       0x34 c:/program files (x86)/atmel/studio/7.0/toolchain/arm/arm-gnu-toolchain/bin/../lib/gcc/arm-none-eabi/6.3.1/../../../../arm-none-eabi/lib/thumb/v7e-m\libc.a(lib_a-__atexit.o)

Cross Reference Table

Symbol                                            File
ACC_Handler                                       src/ASF/sam/utils/cmsis/same70/source/templates/gcc/startup_same70.o
AES_Handler                                       src/ASF/sam/utils/cmsis/same70/source/templates/gcc/startup_same70.o
AFEC0_Handler                                     src/ASF/sam/utils/cmsis/same70/source/templates/gcc/startup_same70.o
AFEC1_Handler                                     src/ASF/sam/utils/cmsis/same70/source/templates/gcc/startup_same70.o
BusFault_Handler                                  src/ASF/sam/utils/cmsis/same70/source/templates/gcc/startup_same70.o
DACC_Handler                                      src/ASF/sam/utils/cmsis/same70/source/templates/gcc/startup_same70.o
DebugMon_Handler                                  src/ASF/sam/utils/cmsis/same70/source/templates/gcc/startup_same70.o
Dummy_Handler                                     src/ASF/sam/utils/cmsis/same70/source/templates/gcc/startup_same70.o
EFC_Handler                                       src/ASF/sam/utils/cmsis/same70/source/templates/gcc/startup_same70.o
GMAC_Handler                                      src/ASF/sam/utils/cmsis/same70/source/templates/gcc/startup_same70.o
HSMCI_Handler                                     src/ASF/sam/utils/cmsis/same70/source/templates/gcc/startup_same70.o
HardFault_Handler                                 src/ASF/sam/utils/cmsis/same70/source/templates/gcc/startup_same70.o
ICM_Handler                                       src/ASF/sam/utils/cmsis/same70/source/templates/gcc/startup_same70.o
ISI_Handler                                       src/ASF/sam/utils/cmsis/same70/source/templates/gcc/startup_same70.o
MCAN0_Handler                                     src/ASF/sam/utils/cmsis/same70/source/templates/gcc/startup_same70.o
MCAN1_Handler                                     src/ASF/sam/utils/cmsis/same70/source/templates/gcc/startup_same70.o
MemManage_Handler                                 src/ASF/sam/utils/cmsis/same70/source/templates/gcc/startup_same70.o
NMI_Handler                                       src/ASF/sam/utils/cmsis/same70/source/templates/gcc/startup_same70.o
PIOA_Handler                                      src/ASF/sam/drivers/pio/pio_handler.o
PIOB_Handler                                      src/ASF/sam/drivers/pio/pio_handler.o
PIOC_Handler                                      src/ASF/sam/drivers/pio/pio_handler.o
PIOD_Handler                                      src/ASF/sam/drivers/pio/pio_handler.o
PIOE_Handler                                      src/ASF/sam/drivers/pio/pio_handler.o
PMC_Handler                                       src/ASF/sam/utils/cmsis/same70/source/templates/gcc/startup_same70.o
PWM0_Handler                                      src/ASF/sam/utils/cmsis/same70/source/templates/gcc/startup_same70.o
PWM1_Handler                                      src/ASF/sam/utils/cmsis/same70/source/templates/gcc/startup_same70.o
PendSV_Handler                                    src/ASF/sam/utils/cmsis/same70/source/templates/gcc/startup_same70.o
QSPI_Handler                                      src/ASF/sam/utils/cmsis/same70/source/templates/gcc/startup_same70.o
RSTC_Handler                                      src/ASF/sam/utils/cmsis/same70/source/templates/gcc/startup_same70.o
RSWDT_Handler                                     src/ASF/sam/utils/cmsis/same70/source/templates/gcc/startup_same70.o
RTC_Handler                                       src/ASF/sam/utils/cmsis/same70/source/templates/gcc/startup_same70.o
RTT_Handler                                       src/main.o
                                                  src/ASF/sam/utils/cmsis/same70/source/templates/gcc/startup_same70.o
Reset_Handler                                     src/ASF/sam/utils/cmsis/same70/source/templates/gcc/startup_same70.o
SDRAMC_Handler                                    src/ASF/sam/utils/cmsis/same70/source/templates/gcc/startup_same70.o
SPI0_Handler                                      src/ASF/sam/utils/cmsis/same70/source/templates/gcc/startup_same70.o
SPI1_Handler                                      src/ASF/sam/utils/cmsis/same70/source/templates/gcc/startup_same70.o
SSC_Handler                                       src/ASF/sam/utils/cmsis/same70/source/templates/gcc/startup_same70.o
SUPC_Handler                                      src/ASF/sam/utils/cmsis/same70/source/templates/gcc/startup_same70.o
SVC_Handler                                       src/ASF/sam/utils/cmsis/same70/source/templates/gcc/startup_same70.o
SysTick_Handler                                   src/ASF/sam/utils/cmsis/same70/source/templates/gcc/startup_same70.o
SystemCoreClock                                   src/ASF/sam/utils/cmsis/same70/source/templates/system_same70.o
SystemCoreClockUpdate                             src/ASF/sam/utils/cmsis/same70/source/templates/system_same70.o
                                                  src/ASF/common/services/clock/same70/sysclk.o
SystemInit                                        src/ASF/sam/utils/cmsis/same70/source/templates/system_same70.o
TC0_Handler                                       src/ASF/sam/utils/cmsis/same70/source/templates/gcc/startup_same70.o
TC10_Handler                                      src/ASF/sam/utils/cmsis/same70/source/templates/gcc/startup_same70.o
TC11_Handler                                      src/ASF/sam/utils/cmsis/same70/source/templates/gcc/startup_same70.o
TC1_Handler                                       src/ASF/sam/utils/cmsis/same70/source/templates/gcc/startup_same70.o
TC2_Handler                                       src/ASF/sam/utils/cmsis/same70/source/templates/gcc/startup_same70.o
TC3_Handler                                       src/ASF/sam/utils/cmsis/same70/source/templates/gcc/startup_same70.o
TC4_Handler                                       src/ASF/sam/utils/cmsis/same70/source/templates/gcc/startup_same70.o
TC5_Handler                                       src/ASF/sam/utils/cmsis/same70/source/templates/gcc/startup_same70.o
TC6_Handler                                       src/ASF/sam/utils/cmsis/same70/source/templates/gcc/startup_same70.o
TC7_Handler                                       src/ASF/sam/utils/cmsis/same70/source/templates/gcc/startup_same70.o
TC8_Handler                                       src/ASF/sam/utils/cmsis/same70/source/templates/gcc/startup_same70.o
TC9_Handler                                       src/ASF/sam/utils/cmsis/same70/source/templates/gcc/startup_same70.o
TRNG_Handler                                      src/ASF/sam/utils/cmsis/same70/source/templates/gcc/startup_same70.o
TWIHS0_Handler                                    src/ASF/sam/utils/cmsis/same70/source/templates/gcc/startup_same70.o
TWIHS1_Handler                                    src/ASF/sam/utils/cmsis/same70/source/templates/gcc/startup_same70.o
TWIHS2_Handler                                    src/ASF/sam/utils/cmsis/same70/source/templates/gcc/startup_same70.o
UART0_Handler                                     src/ASF/sam/utils/cmsis/same70/source/templates/gcc/startup_same70.o
UART1_Handler                                     src/ASF/sam/utils/cmsis/same70/source/templates/gcc/startup_same70.o
UART2_Handler                                     src/ASF/sam/utils/cmsis/same70/source/templates/gcc/startup_same70.o
UART3_Handler                                     src/ASF/sam/utils/cmsis/same70/source/templates/gcc/startup_same70.o
UART4_Handler                                     src/ASF/sam/utils/cmsis/same70/source/templates/gcc/startup_same70.o
USART0_Handler                                    src/ASF/sam/utils/cmsis/same70/source/templates/gcc/startup_same70.o
USART1_Handler                                    src/ASF/sam/utils/cmsis/same70/source/templates/gcc/startup_same70.o
USART2_Handler                                    src/ASF/sam/utils/cmsis/same70/source/templates/gcc/startup_same70.o
USBHS_Handler                                     src/ASF/sam/utils/cmsis/same70/source/templates/gcc/startup_same70.o
UsageFault_Handler                                src/ASF/sam/utils/cmsis/same70/source/templates/gcc/startup_same70.o
WDT_Handler                                       src/ASF/sam/utils/cmsis/same70/source/templates/gcc/startup_same70.o
XDMAC_Handler                                     src/ASF/sam/utils/cmsis/same70/source/templates/gcc/startup_same70.o
_Jv_RegisterClasses                               c:/program files (x86)/atmel/studio/7.0/toolchain/arm/arm-gnu-toolchain/bin/../lib/gcc/arm-none-eabi/6.3.1/thumb/v7e-m/crtbegin.o
__atexit_recursive_mutex                          c:/program files (x86)/atmel/studio/7.0/toolchain/arm/arm-gnu-toolchain/bin/../lib/gcc/arm-none-eabi/6.3.1/../../../../arm-none-eabi/lib/thumb/v7e-m\libc.a(lib_a-__call_atexit.o)
                                                  c:/program files (x86)/atmel/studio/7.0/toolchain/arm/arm-gnu-toolchain/bin/../lib/gcc/arm-none-eabi/6.3.1/../../../../arm-none-eabi/lib/thumb/v7e-m\libc.a(lib_a-__atexit.o)
__bss_end__                                       c:/program files (x86)/atmel/studio/7.0/toolchain/arm/arm-gnu-toolchain/bin/../lib/gcc/arm-none-eabi/6.3.1/../../../../arm-none-eabi/lib/thumb/v7e-m/crt0.o
__bss_start__                                     c:/program files (x86)/atmel/studio/7.0/toolchain/arm/arm-gnu-toolchain/bin/../lib/gcc/arm-none-eabi/6.3.1/../../../../arm-none-eabi/lib/thumb/v7e-m/crt0.o
__call_exitprocs                                  c:/program files (x86)/atmel/studio/7.0/toolchain/arm/arm-gnu-toolchain/bin/../lib/gcc/arm-none-eabi/6.3.1/../../../../arm-none-eabi/lib/thumb/v7e-m\libc.a(lib_a-__call_atexit.o)
                                                  c:/program files (x86)/atmel/studio/7.0/toolchain/arm/arm-gnu-toolchain/bin/../lib/gcc/arm-none-eabi/6.3.1/../../../../arm-none-eabi/lib/thumb/v7e-m\libc.a(lib_a-exit.o)
__deregister_frame_info                           c:/program files (x86)/atmel/studio/7.0/toolchain/arm/arm-gnu-toolchain/bin/../lib/gcc/arm-none-eabi/6.3.1/thumb/v7e-m/crtbegin.o
__dso_handle                                      c:/program files (x86)/atmel/studio/7.0/toolchain/arm/arm-gnu-toolchain/bin/../lib/gcc/arm-none-eabi/6.3.1/thumb/v7e-m/crtbegin.o
__fini_array_end                                  c:/program files (x86)/atmel/studio/7.0/toolchain/arm/arm-gnu-toolchain/bin/../lib/gcc/arm-none-eabi/6.3.1/../../../../arm-none-eabi/lib/thumb/v7e-m\libc.a(lib_a-fini.o)
__fini_array_start                                c:/program files (x86)/atmel/studio/7.0/toolchain/arm/arm-gnu-toolchain/bin/../lib/gcc/arm-none-eabi/6.3.1/../../../../arm-none-eabi/lib/thumb/v7e-m\libc.a(lib_a-fini.o)
__init_array_end                                  c:/program files (x86)/atmel/studio/7.0/toolchain/arm/arm-gnu-toolchain/bin/../lib/gcc/arm-none-eabi/6.3.1/../../../../arm-none-eabi/lib/thumb/v7e-m\libc.a(lib_a-init.o)
__init_array_start                                c:/program files (x86)/atmel/studio/7.0/toolchain/arm/arm-gnu-toolchain/bin/../lib/gcc/arm-none-eabi/6.3.1/../../../../arm-none-eabi/lib/thumb/v7e-m\libc.a(lib_a-init.o)
__libc_fini                                       c:/program files (x86)/atmel/studio/7.0/toolchain/arm/arm-gnu-toolchain/bin/../lib/gcc/arm-none-eabi/6.3.1/../../../../arm-none-eabi/lib/thumb/v7e-m\libc.a(lib_a-__call_atexit.o)
__libc_fini_array                                 c:/program files (x86)/atmel/studio/7.0/toolchain/arm/arm-gnu-toolchain/bin/../lib/gcc/arm-none-eabi/6.3.1/../../../../arm-none-eabi/lib/thumb/v7e-m\libc.a(lib_a-fini.o)
                                                  c:/program files (x86)/atmel/studio/7.0/toolchain/arm/arm-gnu-toolchain/bin/../lib/gcc/arm-none-eabi/6.3.1/../../../../arm-none-eabi/lib/thumb/v7e-m\libc.a(lib_a-__call_atexit.o)
                                                  c:/program files (x86)/atmel/studio/7.0/toolchain/arm/arm-gnu-toolchain/bin/../lib/gcc/arm-none-eabi/6.3.1/../../../../arm-none-eabi/lib/thumb/v7e-m/crt0.o
__libc_init_array                                 c:/program files (x86)/atmel/studio/7.0/toolchain/arm/arm-gnu-toolchain/bin/../lib/gcc/arm-none-eabi/6.3.1/../../../../arm-none-eabi/lib/thumb/v7e-m\libc.a(lib_a-init.o)
                                                  src/ASF/sam/utils/cmsis/same70/source/templates/gcc/startup_same70.o
                                                  c:/program files (x86)/atmel/studio/7.0/toolchain/arm/arm-gnu-toolchain/bin/../lib/gcc/arm-none-eabi/6.3.1/../../../../arm-none-eabi/lib/thumb/v7e-m/crt0.o
__lock___arc4random_mutex                         c:/program files (x86)/atmel/studio/7.0/toolchain/arm/arm-gnu-toolchain/bin/../lib/gcc/arm-none-eabi/6.3.1/../../../../arm-none-eabi/lib/thumb/v7e-m\libc.a(lib_a-lock.o)
__lock___at_quick_exit_mutex                      c:/program files (x86)/atmel/studio/7.0/toolchain/arm/arm-gnu-toolchain/bin/../lib/gcc/arm-none-eabi/6.3.1/../../../../arm-none-eabi/lib/thumb/v7e-m\libc.a(lib_a-lock.o)
__lock___atexit_recursive_mutex                   c:/program files (x86)/atmel/studio/7.0/toolchain/arm/arm-gnu-toolchain/bin/../lib/gcc/arm-none-eabi/6.3.1/../../../../arm-none-eabi/lib/thumb/v7e-m\libc.a(lib_a-lock.o)
                                                  c:/program files (x86)/atmel/studio/7.0/toolchain/arm/arm-gnu-toolchain/bin/../lib/gcc/arm-none-eabi/6.3.1/../../../../arm-none-eabi/lib/thumb/v7e-m\libc.a(lib_a-__call_atexit.o)
__lock___dd_hash_mutex                            c:/program files (x86)/atmel/studio/7.0/toolchain/arm/arm-gnu-toolchain/bin/../lib/gcc/arm-none-eabi/6.3.1/../../../../arm-none-eabi/lib/thumb/v7e-m\libc.a(lib_a-lock.o)
__lock___env_recursive_mutex                      c:/program files (x86)/atmel/studio/7.0/toolchain/arm/arm-gnu-toolchain/bin/../lib/gcc/arm-none-eabi/6.3.1/../../../../arm-none-eabi/lib/thumb/v7e-m\libc.a(lib_a-lock.o)
__lock___malloc_recursive_mutex                   c:/program files (x86)/atmel/studio/7.0/toolchain/arm/arm-gnu-toolchain/bin/../lib/gcc/arm-none-eabi/6.3.1/../../../../arm-none-eabi/lib/thumb/v7e-m\libc.a(lib_a-lock.o)
__lock___sfp_recursive_mutex                      c:/program files (x86)/atmel/studio/7.0/toolchain/arm/arm-gnu-toolchain/bin/../lib/gcc/arm-none-eabi/6.3.1/../../../../arm-none-eabi/lib/thumb/v7e-m\libc.a(lib_a-lock.o)
__lock___sinit_recursive_mutex                    c:/program files (x86)/atmel/studio/7.0/toolchain/arm/arm-gnu-toolchain/bin/../lib/gcc/arm-none-eabi/6.3.1/../../../../arm-none-eabi/lib/thumb/v7e-m\libc.a(lib_a-lock.o)
__lock___tz_mutex                                 c:/program files (x86)/atmel/studio/7.0/toolchain/arm/arm-gnu-toolchain/bin/../lib/gcc/arm-none-eabi/6.3.1/../../../../arm-none-eabi/lib/thumb/v7e-m\libc.a(lib_a-lock.o)
__preinit_array_end                               c:/program files (x86)/atmel/studio/7.0/toolchain/arm/arm-gnu-toolchain/bin/../lib/gcc/arm-none-eabi/6.3.1/../../../../arm-none-eabi/lib/thumb/v7e-m\libc.a(lib_a-init.o)
__preinit_array_start                             c:/program files (x86)/atmel/studio/7.0/toolchain/arm/arm-gnu-toolchain/bin/../lib/gcc/arm-none-eabi/6.3.1/../../../../arm-none-eabi/lib/thumb/v7e-m\libc.a(lib_a-init.o)
__ram_end__                                       src/ASF/sam/utils/syscalls/gcc/syscalls.o
__register_exitproc                               c:/program files (x86)/atmel/studio/7.0/toolchain/arm/arm-gnu-toolchain/bin/../lib/gcc/arm-none-eabi/6.3.1/../../../../arm-none-eabi/lib/thumb/v7e-m\libc.a(lib_a-__atexit.o)
                                                  c:/program files (x86)/atmel/studio/7.0/toolchain/arm/arm-gnu-toolchain/bin/../lib/gcc/arm-none-eabi/6.3.1/../../../../arm-none-eabi/lib/thumb/v7e-m\libc.a(lib_a-atexit.o)
__register_frame_info                             c:/program files (x86)/atmel/studio/7.0/toolchain/arm/arm-gnu-toolchain/bin/../lib/gcc/arm-none-eabi/6.3.1/thumb/v7e-m/crtbegin.o
__retarget_lock_acquire                           c:/program files (x86)/atmel/studio/7.0/toolchain/arm/arm-gnu-toolchain/bin/../lib/gcc/arm-none-eabi/6.3.1/../../../../arm-none-eabi/lib/thumb/v7e-m\libc.a(lib_a-lock.o)
__retarget_lock_acquire_recursive                 c:/program files (x86)/atmel/studio/7.0/toolchain/arm/arm-gnu-toolchain/bin/../lib/gcc/arm-none-eabi/6.3.1/../../../../arm-none-eabi/lib/thumb/v7e-m\libc.a(lib_a-lock.o)
                                                  c:/program files (x86)/atmel/studio/7.0/toolchain/arm/arm-gnu-toolchain/bin/../lib/gcc/arm-none-eabi/6.3.1/../../../../arm-none-eabi/lib/thumb/v7e-m\libc.a(lib_a-__atexit.o)
                                                  c:/program files (x86)/atmel/studio/7.0/toolchain/arm/arm-gnu-toolchain/bin/../lib/gcc/arm-none-eabi/6.3.1/../../../../arm-none-eabi/lib/thumb/v7e-m\libc.a(lib_a-__call_atexit.o)
__retarget_lock_close                             c:/program files (x86)/atmel/studio/7.0/toolchain/arm/arm-gnu-toolchain/bin/../lib/gcc/arm-none-eabi/6.3.1/../../../../arm-none-eabi/lib/thumb/v7e-m\libc.a(lib_a-lock.o)
__retarget_lock_close_recursive                   c:/program files (x86)/atmel/studio/7.0/toolchain/arm/arm-gnu-toolchain/bin/../lib/gcc/arm-none-eabi/6.3.1/../../../../arm-none-eabi/lib/thumb/v7e-m\libc.a(lib_a-lock.o)
__retarget_lock_init                              c:/program files (x86)/atmel/studio/7.0/toolchain/arm/arm-gnu-toolchain/bin/../lib/gcc/arm-none-eabi/6.3.1/../../../../arm-none-eabi/lib/thumb/v7e-m\libc.a(lib_a-lock.o)
__retarget_lock_init_recursive                    c:/program files (x86)/atmel/studio/7.0/toolchain/arm/arm-gnu-toolchain/bin/../lib/gcc/arm-none-eabi/6.3.1/../../../../arm-none-eabi/lib/thumb/v7e-m\libc.a(lib_a-lock.o)
__retarget_lock_release                           c:/program files (x86)/atmel/studio/7.0/toolchain/arm/arm-gnu-toolchain/bin/../lib/gcc/arm-none-eabi/6.3.1/../../../../arm-none-eabi/lib/thumb/v7e-m\libc.a(lib_a-lock.o)
__retarget_lock_release_recursive                 c:/program files (x86)/atmel/studio/7.0/toolchain/arm/arm-gnu-toolchain/bin/../lib/gcc/arm-none-eabi/6.3.1/../../../../arm-none-eabi/lib/thumb/v7e-m\libc.a(lib_a-lock.o)
                                                  c:/program files (x86)/atmel/studio/7.0/toolchain/arm/arm-gnu-toolchain/bin/../lib/gcc/arm-none-eabi/6.3.1/../../../../arm-none-eabi/lib/thumb/v7e-m\libc.a(lib_a-__atexit.o)
                                                  c:/program files (x86)/atmel/studio/7.0/toolchain/arm/arm-gnu-toolchain/bin/../lib/gcc/arm-none-eabi/6.3.1/../../../../arm-none-eabi/lib/thumb/v7e-m\libc.a(lib_a-__call_atexit.o)
__retarget_lock_try_acquire                       c:/program files (x86)/atmel/studio/7.0/toolchain/arm/arm-gnu-toolchain/bin/../lib/gcc/arm-none-eabi/6.3.1/../../../../arm-none-eabi/lib/thumb/v7e-m\libc.a(lib_a-lock.o)
__retarget_lock_try_acquire_recursive             c:/program files (x86)/atmel/studio/7.0/toolchain/arm/arm-gnu-toolchain/bin/../lib/gcc/arm-none-eabi/6.3.1/../../../../arm-none-eabi/lib/thumb/v7e-m\libc.a(lib_a-lock.o)
__stack                                           c:/program files (x86)/atmel/studio/7.0/toolchain/arm/arm-gnu-toolchain/bin/../lib/gcc/arm-none-eabi/6.3.1/../../../../arm-none-eabi/lib/thumb/v7e-m/crt0.o
_close                                            src/ASF/sam/utils/syscalls/gcc/syscalls.o
_end                                              src/ASF/sam/utils/syscalls/gcc/syscalls.o
_erelocate                                        src/ASF/sam/utils/cmsis/same70/source/templates/gcc/startup_same70.o
_estack                                           src/ASF/sam/utils/cmsis/same70/source/templates/gcc/startup_same70.o
_etext                                            src/ASF/sam/utils/cmsis/same70/source/templates/gcc/startup_same70.o
_exit                                             src/ASF/sam/utils/syscalls/gcc/syscalls.o
                                                  c:/program files (x86)/atmel/studio/7.0/toolchain/arm/arm-gnu-toolchain/bin/../lib/gcc/arm-none-eabi/6.3.1/../../../../arm-none-eabi/lib/thumb/v7e-m\libc.a(lib_a-exit.o)
_ezero                                            src/ASF/sam/utils/cmsis/same70/source/templates/gcc/startup_same70.o
_fini                                             c:/program files (x86)/atmel/studio/7.0/toolchain/arm/arm-gnu-toolchain/bin/../lib/gcc/arm-none-eabi/6.3.1/thumb/v7e-m/crti.o
                                                  c:/program files (x86)/atmel/studio/7.0/toolchain/arm/arm-gnu-toolchain/bin/../lib/gcc/arm-none-eabi/6.3.1/../../../../arm-none-eabi/lib/thumb/v7e-m\libc.a(lib_a-fini.o)
_fstat                                            src/ASF/sam/utils/syscalls/gcc/syscalls.o
_getpid                                           src/ASF/sam/utils/syscalls/gcc/syscalls.o
_global_impure_ptr                                c:/program files (x86)/atmel/studio/7.0/toolchain/arm/arm-gnu-toolchain/bin/../lib/gcc/arm-none-eabi/6.3.1/../../../../arm-none-eabi/lib/thumb/v7e-m\libc.a(lib_a-impure.o)
                                                  c:/program files (x86)/atmel/studio/7.0/toolchain/arm/arm-gnu-toolchain/bin/../lib/gcc/arm-none-eabi/6.3.1/../../../../arm-none-eabi/lib/thumb/v7e-m\libc.a(lib_a-__atexit.o)
                                                  c:/program files (x86)/atmel/studio/7.0/toolchain/arm/arm-gnu-toolchain/bin/../lib/gcc/arm-none-eabi/6.3.1/../../../../arm-none-eabi/lib/thumb/v7e-m\libc.a(lib_a-__call_atexit.o)
                                                  c:/program files (x86)/atmel/studio/7.0/toolchain/arm/arm-gnu-toolchain/bin/../lib/gcc/arm-none-eabi/6.3.1/../../../../arm-none-eabi/lib/thumb/v7e-m\libc.a(lib_a-exit.o)
_impure_ptr                                       c:/program files (x86)/atmel/studio/7.0/toolchain/arm/arm-gnu-toolchain/bin/../lib/gcc/arm-none-eabi/6.3.1/../../../../arm-none-eabi/lib/thumb/v7e-m\libc.a(lib_a-impure.o)
_init                                             c:/program files (x86)/atmel/studio/7.0/toolchain/arm/arm-gnu-toolchain/bin/../lib/gcc/arm-none-eabi/6.3.1/thumb/v7e-m/crti.o
                                                  c:/program files (x86)/atmel/studio/7.0/toolchain/arm/arm-gnu-toolchain/bin/../lib/gcc/arm-none-eabi/6.3.1/../../../../arm-none-eabi/lib/thumb/v7e-m\libc.a(lib_a-init.o)
_isatty                                           src/ASF/sam/utils/syscalls/gcc/syscalls.o
_kill                                             src/ASF/sam/utils/syscalls/gcc/syscalls.o
_lseek                                            src/ASF/sam/utils/syscalls/gcc/syscalls.o
_mainCRTStartup                                   c:/program files (x86)/atmel/studio/7.0/toolchain/arm/arm-gnu-toolchain/bin/../lib/gcc/arm-none-eabi/6.3.1/../../../../arm-none-eabi/lib/thumb/v7e-m/crt0.o
_sbrk                                             src/ASF/sam/utils/syscalls/gcc/syscalls.o
_sfixed                                           src/ASF/sam/utils/cmsis/same70/source/templates/gcc/startup_same70.o
_srelocate                                        src/ASF/sam/utils/cmsis/same70/source/templates/gcc/startup_same70.o
_start                                            c:/program files (x86)/atmel/studio/7.0/toolchain/arm/arm-gnu-toolchain/bin/../lib/gcc/arm-none-eabi/6.3.1/../../../../arm-none-eabi/lib/thumb/v7e-m/crt0.o
_szero                                            src/ASF/sam/utils/cmsis/same70/source/templates/gcc/startup_same70.o
atexit                                            c:/program files (x86)/atmel/studio/7.0/toolchain/arm/arm-gnu-toolchain/bin/../lib/gcc/arm-none-eabi/6.3.1/../../../../arm-none-eabi/lib/thumb/v7e-m\libc.a(lib_a-atexit.o)
                                                  c:/program files (x86)/atmel/studio/7.0/toolchain/arm/arm-gnu-toolchain/bin/../lib/gcc/arm-none-eabi/6.3.1/../../../../arm-none-eabi/lib/thumb/v7e-m\libc.a(lib_a-__call_atexit.o)
                                                  c:/program files (x86)/atmel/studio/7.0/toolchain/arm/arm-gnu-toolchain/bin/../lib/gcc/arm-none-eabi/6.3.1/../../../../arm-none-eabi/lib/thumb/v7e-m/crt0.o
cpu_irq_enter_critical                            src/ASF/common/utils/interrupt/interrupt_sam_nvic.o
cpu_irq_leave_critical                            src/ASF/common/utils/interrupt/interrupt_sam_nvic.o
exception_table                                   src/ASF/sam/utils/cmsis/same70/source/templates/gcc/startup_same70.o
exit                                              c:/program files (x86)/atmel/studio/7.0/toolchain/arm/arm-gnu-toolchain/bin/../lib/gcc/arm-none-eabi/6.3.1/../../../../arm-none-eabi/lib/thumb/v7e-m\libc.a(lib_a-exit.o)
                                                  c:/program files (x86)/atmel/studio/7.0/toolchain/arm/arm-gnu-toolchain/bin/../lib/gcc/arm-none-eabi/6.3.1/../../../../arm-none-eabi/lib/thumb/v7e-m/crt0.o
f_rtt_alarme                                      src/main.o
free                                              c:/program files (x86)/atmel/studio/7.0/toolchain/arm/arm-gnu-toolchain/bin/../lib/gcc/arm-none-eabi/6.3.1/../../../../arm-none-eabi/lib/thumb/v7e-m\libc.a(lib_a-__call_atexit.o)
g_interrupt_enabled                               src/ASF/common/utils/interrupt/interrupt_sam_nvic.o
                                                  src/ASF/sam/utils/cmsis/same70/source/templates/gcc/startup_same70.o
                                                  src/ASF/sam/drivers/pmc/sleep.o
                                                  src/ASF/sam/drivers/mpu/mpu.o
hardware_init_hook                                c:/program files (x86)/atmel/studio/7.0/toolchain/arm/arm-gnu-toolchain/bin/../lib/gcc/arm-none-eabi/6.3.1/../../../../arm-none-eabi/lib/thumb/v7e-m/crt0.o
io_init                                           src/main.o
link                                              src/ASF/sam/utils/syscalls/gcc/syscalls.o
main                                              src/main.o
                                                  src/ASF/sam/utils/cmsis/same70/source/templates/gcc/startup_same70.o
                                                  c:/program files (x86)/atmel/studio/7.0/toolchain/arm/arm-gnu-toolchain/bin/../lib/gcc/arm-none-eabi/6.3.1/../../../../arm-none-eabi/lib/thumb/v7e-m/crt0.o
malloc                                            c:/program files (x86)/atmel/studio/7.0/toolchain/arm/arm-gnu-toolchain/bin/../lib/gcc/arm-none-eabi/6.3.1/../../../../arm-none-eabi/lib/thumb/v7e-m\libc.a(lib_a-__atexit.o)
memset                                            c:/program files (x86)/atmel/studio/7.0/toolchain/arm/arm-gnu-toolchain/bin/../lib/gcc/arm-none-eabi/6.3.1/../../../../arm-none-eabi/lib/thumb/v7e-m\libc.a(lib_a-memset.o)
                                                  c:/program files (x86)/atmel/studio/7.0/toolchain/arm/arm-gnu-toolchain/bin/../lib/gcc/arm-none-eabi/6.3.1/../../../../arm-none-eabi/lib/thumb/v7e-m/crt0.o
mpu_cal_mpu_region_size                           src/ASF/sam/drivers/mpu/mpu.o
mpu_disable_region                                src/ASF/sam/drivers/mpu/mpu.o
mpu_enable                                        src/ASF/sam/drivers/mpu/mpu.o
mpu_set_region                                    src/ASF/sam/drivers/mpu/mpu.o
mpu_set_region_num                                src/ASF/sam/drivers/mpu/mpu.o
mpu_update_regions                                src/ASF/sam/drivers/mpu/mpu.o
pin_toggle                                        src/main.o
pio_capture_disable                               src/ASF/sam/drivers/pio/pio.o
pio_capture_disable_interrupt                     src/ASF/sam/drivers/pio/pio.o
pio_capture_enable                                src/ASF/sam/drivers/pio/pio.o
pio_capture_enable_flag                           src/ASF/sam/drivers/pio/pio.o
pio_capture_enable_interrupt                      src/ASF/sam/drivers/pio/pio.o
pio_capture_get_interrupt_mask                    src/ASF/sam/drivers/pio/pio.o
pio_capture_get_interrupt_status                  src/ASF/sam/drivers/pio/pio.o
pio_capture_read                                  src/ASF/sam/drivers/pio/pio.o
pio_capture_set_mode                              src/ASF/sam/drivers/pio/pio.o
pio_clear                                         src/ASF/sam/drivers/pio/pio.o
                                                  src/main.o
pio_configure                                     src/ASF/sam/drivers/pio/pio.o
                                                  src/main.o
pio_configure_interrupt                           src/ASF/sam/drivers/pio/pio.o
                                                  src/ASF/sam/drivers/pio/pio_handler.o
pio_configure_pin                                 src/ASF/sam/drivers/pio/pio.o
pio_configure_pin_group                           src/ASF/sam/drivers/pio/pio.o
pio_disable_interrupt                             src/ASF/sam/drivers/pio/pio.o
                                                  src/ASF/sam/drivers/pio/pio_handler.o
pio_disable_output_write                          src/ASF/sam/drivers/pio/pio.o
pio_disable_pin_interrupt                         src/ASF/sam/drivers/pio/pio.o
pio_enable_interrupt                              src/ASF/sam/drivers/pio/pio.o
                                                  src/ASF/sam/drivers/pio/pio_handler.o
pio_enable_output_write                           src/ASF/sam/drivers/pio/pio.o
pio_enable_pin_interrupt                          src/ASF/sam/drivers/pio/pio.o
pio_get                                           src/ASF/sam/drivers/pio/pio.o
pio_get_interrupt_mask                            src/ASF/sam/drivers/pio/pio.o
                                                  src/ASF/sam/drivers/pio/pio_handler.o
pio_get_interrupt_status                          src/ASF/sam/drivers/pio/pio.o
                                                  src/ASF/sam/drivers/pio/pio_handler.o
pio_get_multi_driver_status                       src/ASF/sam/drivers/pio/pio.o
pio_get_output_data_status                        src/ASF/sam/drivers/pio/pio.o
                                                  src/main.o
pio_get_output_write_status                       src/ASF/sam/drivers/pio/pio.o
pio_get_pin_group                                 src/ASF/sam/drivers/pio/pio.o
                                                  src/ASF/sam/drivers/pio/pio_handler.o
pio_get_pin_group_id                              src/ASF/sam/drivers/pio/pio.o
                                                  src/ASF/sam/drivers/pio/pio_handler.o
pio_get_pin_group_mask                            src/ASF/sam/drivers/pio/pio.o
                                                  src/ASF/sam/drivers/pio/pio_handler.o
pio_get_pin_value                                 src/ASF/sam/drivers/pio/pio.o
pio_get_schmitt_trigger                           src/ASF/sam/drivers/pio/pio.o
pio_get_writeprotect_status                       src/ASF/sam/drivers/pio/pio.o
pio_handler_process                               src/ASF/sam/drivers/pio/pio_handler.o
pio_handler_set                                   src/ASF/sam/drivers/pio/pio_handler.o
pio_handler_set_pin                               src/ASF/sam/drivers/pio/pio_handler.o
pio_handler_set_priority                          src/ASF/sam/drivers/pio/pio_handler.o
pio_pull_down                                     src/ASF/sam/drivers/pio/pio.o
pio_pull_up                                       src/ASF/sam/drivers/pio/pio.o
pio_set                                           src/ASF/sam/drivers/pio/pio.o
                                                  src/main.o
pio_set_additional_interrupt_mode                 src/ASF/sam/drivers/pio/pio.o
pio_set_debounce_filter                           src/ASF/sam/drivers/pio/pio.o
pio_set_input                                     src/ASF/sam/drivers/pio/pio.o
pio_set_io_drive                                  src/ASF/sam/drivers/pio/pio.o
pio_set_multi_driver                              src/ASF/sam/drivers/pio/pio.o
pio_set_output                                    src/ASF/sam/drivers/pio/pio.o
pio_set_peripheral                                src/ASF/sam/drivers/pio/pio.o
pio_set_pin_group_high                            src/ASF/sam/drivers/pio/pio.o
pio_set_pin_group_low                             src/ASF/sam/drivers/pio/pio.o
pio_set_pin_high                                  src/ASF/sam/drivers/pio/pio.o
pio_set_pin_low                                   src/ASF/sam/drivers/pio/pio.o
pio_set_schmitt_trigger                           src/ASF/sam/drivers/pio/pio.o
pio_set_writeprotect                              src/ASF/sam/drivers/pio/pio.o
pio_sync_output_write                             src/ASF/sam/drivers/pio/pio.o
pio_toggle_pin                                    src/ASF/sam/drivers/pio/pio.o
pio_toggle_pin_group                              src/ASF/sam/drivers/pio/pio.o
pmc_clr_fast_startup_input                        src/ASF/sam/drivers/pmc/pmc.o
pmc_disable_all_pck                               src/ASF/sam/drivers/pmc/pmc.o
pmc_disable_all_periph_clk                        src/ASF/sam/drivers/pmc/pmc.o
pmc_disable_clock_failure_detector                src/ASF/sam/drivers/pmc/pmc.o
pmc_disable_interrupt                             src/ASF/sam/drivers/pmc/pmc.o
pmc_disable_pck                                   src/ASF/sam/drivers/pmc/pmc.o
pmc_disable_periph_clk                            src/ASF/sam/drivers/pmc/pmc.o
pmc_disable_pllack                                src/ASF/sam/drivers/pmc/pmc.o
                                                  src/ASF/sam/drivers/pmc/sleep.o
                                                  src/ASF/common/services/clock/same70/sysclk.o
pmc_disable_sclk_osc_freq_monitor                 src/ASF/sam/drivers/pmc/pmc.o
pmc_disable_sleepwalking                          src/ASF/sam/drivers/pmc/pmc.o
pmc_disable_udpck                                 src/ASF/sam/drivers/pmc/pmc.o
                                                  src/ASF/common/services/clock/same70/sysclk.o
pmc_disable_upll_clock                            src/ASF/sam/drivers/pmc/pmc.o
pmc_enable_all_pck                                src/ASF/sam/drivers/pmc/pmc.o
pmc_enable_all_periph_clk                         src/ASF/sam/drivers/pmc/pmc.o
pmc_enable_backupmode                             src/ASF/sam/drivers/pmc/pmc.o
pmc_enable_clock_failure_detector                 src/ASF/sam/drivers/pmc/pmc.o
pmc_enable_interrupt                              src/ASF/sam/drivers/pmc/pmc.o
pmc_enable_pck                                    src/ASF/sam/drivers/pmc/pmc.o
pmc_enable_periph_clk                             src/ASF/sam/drivers/pmc/pmc.o
                                                  src/main.o
pmc_enable_pllack                                 src/ASF/sam/drivers/pmc/pmc.o
pmc_enable_sclk_osc_freq_monitor                  src/ASF/sam/drivers/pmc/pmc.o
pmc_enable_sleepmode                              src/ASF/sam/drivers/pmc/pmc.o
pmc_enable_sleepwalking                           src/ASF/sam/drivers/pmc/pmc.o
pmc_enable_udpck                                  src/ASF/sam/drivers/pmc/pmc.o
                                                  src/ASF/common/services/clock/same70/sysclk.o
pmc_enable_upll_clock                             src/ASF/sam/drivers/pmc/pmc.o
                                                  src/ASF/common/services/clock/same70/sysclk.o
pmc_enable_waitmode                               src/ASF/sam/drivers/pmc/pmc.o
                                                  src/ASF/sam/drivers/pmc/sleep.o
pmc_get_active_status0                            src/ASF/sam/drivers/pmc/pmc.o
pmc_get_active_status1                            src/ASF/sam/drivers/pmc/pmc.o
pmc_get_interrupt_mask                            src/ASF/sam/drivers/pmc/pmc.o
pmc_get_sleepwalking_status0                      src/ASF/sam/drivers/pmc/pmc.o
pmc_get_sleepwalking_status1                      src/ASF/sam/drivers/pmc/pmc.o
pmc_get_status                                    src/ASF/sam/drivers/pmc/pmc.o
pmc_get_writeprotect_status                       src/ASF/sam/drivers/pmc/pmc.o
pmc_is_locked_pllack                              src/ASF/sam/drivers/pmc/pmc.o
                                                  src/ASF/common/services/clock/same70/sysclk.o
pmc_is_locked_upll                                src/ASF/sam/drivers/pmc/pmc.o
                                                  src/ASF/common/services/clock/same70/sysclk.o
pmc_is_pck_enabled                                src/ASF/sam/drivers/pmc/pmc.o
pmc_is_periph_clk_enabled                         src/ASF/sam/drivers/pmc/pmc.o
pmc_is_wakeup_clocks_restored                     src/ASF/sam/drivers/pmc/sleep.o
pmc_mainck_osc_select                             src/ASF/sam/drivers/pmc/pmc.o
pmc_mck_set_division                              src/ASF/sam/drivers/pmc/pmc.o
                                                  src/ASF/common/services/clock/same70/sysclk.o
pmc_mck_set_prescaler                             src/ASF/sam/drivers/pmc/pmc.o
                                                  src/ASF/common/services/clock/same70/sysclk.o
pmc_mck_set_source                                src/ASF/sam/drivers/pmc/pmc.o
                                                  src/ASF/common/services/clock/same70/sysclk.o
pmc_osc_bypass_main_xtal                          src/ASF/sam/drivers/pmc/pmc.o
pmc_osc_disable_fastrc                            src/ASF/sam/drivers/pmc/pmc.o
pmc_osc_disable_main_xtal                         src/ASF/sam/drivers/pmc/pmc.o
pmc_osc_disable_xtal                              src/ASF/sam/drivers/pmc/pmc.o
pmc_osc_enable_fastrc                             src/ASF/sam/drivers/pmc/pmc.o
pmc_osc_enable_main_xtal                          src/ASF/sam/drivers/pmc/pmc.o
pmc_osc_is_bypassed_main_xtal                     src/ASF/sam/drivers/pmc/pmc.o
pmc_osc_is_ready_32kxtal                          src/ASF/sam/drivers/pmc/pmc.o
                                                  src/ASF/common/services/clock/same70/sysclk.o
pmc_osc_is_ready_fastrc                           src/ASF/sam/drivers/pmc/pmc.o
pmc_osc_is_ready_main_xtal                        src/ASF/sam/drivers/pmc/pmc.o
pmc_osc_is_ready_mainck                           src/ASF/sam/drivers/pmc/pmc.o
                                                  src/ASF/common/services/clock/same70/sysclk.o
pmc_pck_set_prescaler                             src/ASF/sam/drivers/pmc/pmc.o
pmc_pck_set_source                                src/ASF/sam/drivers/pmc/pmc.o
pmc_set_fast_startup_input                        src/ASF/sam/drivers/pmc/pmc.o
pmc_set_flash_in_wait_mode                        src/ASF/sam/drivers/pmc/pmc.o
                                                  src/ASF/sam/drivers/pmc/sleep.o
pmc_set_writeprotect                              src/ASF/sam/drivers/pmc/pmc.o
pmc_sleep                                         src/ASF/sam/drivers/pmc/sleep.o
pmc_switch_mainck_to_fastrc                       src/ASF/sam/drivers/pmc/pmc.o
                                                  src/ASF/common/services/clock/same70/sysclk.o
pmc_switch_mainck_to_xtal                         src/ASF/sam/drivers/pmc/pmc.o
                                                  src/ASF/common/services/clock/same70/sysclk.o
pmc_switch_mck_to_mainck                          src/ASF/sam/drivers/pmc/pmc.o
pmc_switch_mck_to_pllack                          src/ASF/sam/drivers/pmc/pmc.o
                                                  src/ASF/common/services/clock/same70/sysclk.o
pmc_switch_mck_to_sclk                            src/ASF/sam/drivers/pmc/pmc.o
pmc_switch_mck_to_upllck                          src/ASF/sam/drivers/pmc/pmc.o
pmc_switch_pck_to_mainck                          src/ASF/sam/drivers/pmc/pmc.o
pmc_switch_pck_to_mck                             src/ASF/sam/drivers/pmc/pmc.o
pmc_switch_pck_to_pllack                          src/ASF/sam/drivers/pmc/pmc.o
pmc_switch_pck_to_sclk                            src/ASF/sam/drivers/pmc/pmc.o
pmc_switch_pck_to_upllck                          src/ASF/sam/drivers/pmc/pmc.o
pmc_switch_sclk_to_32kxtal                        src/ASF/sam/drivers/pmc/pmc.o
                                                  src/ASF/common/services/clock/same70/sysclk.o
pmc_switch_udpck_to_pllack                        src/ASF/sam/drivers/pmc/pmc.o
pmc_switch_udpck_to_upllck                        src/ASF/sam/drivers/pmc/pmc.o
                                                  src/ASF/common/services/clock/same70/sysclk.o
pmc_wait_wakeup_clocks_restore                    src/ASF/sam/drivers/pmc/sleep.o
rtt_disable                                       src/ASF/sam/drivers/rtt/rtt.o
rtt_disable_interrupt                             src/ASF/sam/drivers/rtt/rtt.o
rtt_enable                                        src/ASF/sam/drivers/rtt/rtt.o
rtt_enable_interrupt                              src/ASF/sam/drivers/rtt/rtt.o
                                                  src/main.o
rtt_get_status                                    src/ASF/sam/drivers/rtt/rtt.o
                                                  src/main.o
rtt_init                                          src/ASF/sam/drivers/rtt/rtt.o
                                                  src/main.o
rtt_read_timer_value                              src/ASF/sam/drivers/rtt/rtt.o
                                                  src/main.o
rtt_sel_source                                    src/ASF/sam/drivers/rtt/rtt.o
                                                  src/main.o
rtt_write_alarm_time                              src/ASF/sam/drivers/rtt/rtt.o
                                                  src/main.o
software_init_hook                                c:/program files (x86)/atmel/studio/7.0/toolchain/arm/arm-gnu-toolchain/bin/../lib/gcc/arm-none-eabi/6.3.1/../../../../arm-none-eabi/lib/thumb/v7e-m/crt0.o
sysclk_disable_usb                                src/ASF/common/services/clock/same70/sysclk.o
sysclk_enable_usb                                 src/ASF/common/services/clock/same70/sysclk.o
sysclk_init                                       src/ASF/common/services/clock/same70/sysclk.o
                                                  src/main.o
sysclk_set_prescalers                             src/ASF/common/services/clock/same70/sysclk.o
sysclk_set_source                                 src/ASF/common/services/clock/same70/sysclk.o
system_init_flash                                 src/ASF/sam/utils/cmsis/same70/source/templates/system_same70.o
                                                  src/ASF/common/services/clock/same70/sysclk.o